Java HotSpot(TM) 64-Bit Server VM (25.131-b11) for bsd-amd64 JRE (1.8.0_131-b11), built on Mar 15 2017 01:32:22 by "java_re" with gcc 4.2.1 (Based on Apple Inc. build 5658) (LLVM build 2336.11.00)
Memory: 4k page, physical 8388608k(49072k free)

/proc/meminfo:

CommandLine flags: -XX:InitialHeapSize=536870912 -XX:MaxHeapSize=536870912 -XX:+PrintGC -XX:+PrintGCDateStamps -XX:+PrintGCDetails -XX:+PrintGCTimeStamps -XX:+UseCompressedClassPointers -XX:+UseCompressedOops -XX:+UseG1GC 
2021-01-20T13:34:59.091-0800: 0.154: [GC pause (G1 Evacuation Pause) (young), 0.0040366 secs]
   [Parallel Time: 3.4 ms, GC Workers: 4]
      [GC Worker Start (ms): Min: 154.1, Avg: 154.2, Max: 154.6, Diff: 0.5]
      [Ext Root Scanning (ms): Min: 0.0, Avg: 0.2, Max: 0.3, Diff: 0.3, Sum: 0.8]
      [Update RS (ms): Min: 0.0, Avg: 0.0, Max: 0.0, Diff: 0.0, Sum: 0.0]
         [Processed Buffers: Min: 0, Avg: 0.0, Max: 0, Diff: 0, Sum: 0]
      [Scan RS (ms): Min: 0.0, Avg: 0.0, Max: 0.0, Diff: 0.0, Sum: 0.0]
      [Code Root Scanning (ms): Min: 0.0, Avg: 0.0, Max: 0.0, Diff: 0.0, Sum: 0.0]
      [Object Copy (ms): Min: 2.6, Avg: 2.9, Max: 3.0, Diff: 0.3, Sum: 11.4]
      [Termination (ms): Min: 0.0, Avg: 0.1, Max: 0.2, Diff: 0.2, Sum: 0.4]
         [Termination Attempts: Min: 1, Avg: 1.0, Max: 1, Diff: 0, Sum: 4]
      [GC Worker Other (ms): Min: 0.0, Avg: 0.0, Max: 0.0, Diff: 0.0, Sum: 0.1]
      [GC Worker Total (ms): Min: 2.8, Avg: 3.2, Max: 3.3, Diff: 0.5, Sum: 12.7]
      [GC Worker End (ms): Min: 157.4, Avg: 157.4, Max: 157.4, Diff: 0.0]
   [Code Root Fixup: 0.0 ms]
   [Code Root Purge: 0.0 ms]
   [Clear CT: 0.1 ms]
   [Other: 0.6 ms]
      [Choose CSet: 0.0 ms]
      [Ref Proc: 0.3 ms]
      [Ref Enq: 0.0 ms]
      [Redirty Cards: 0.1 ms]
      [Humongous Register: 0.0 ms]
      [Humongous Reclaim: 0.0 ms]
      [Free CSet: 0.0 ms]
   [Eden: 25.0M(25.0M)->0.0B(21.0M) Survivors: 0.0B->4096.0K Heap: 33.2M(512.0M)->8654.2K(512.0M)]
 [Times: user=0.00 sys=0.01, real=0.00 secs] 
2021-01-20T13:34:59.105-0800: 0.169: [GC pause (G1 Evacuation Pause) (young), 0.0036596 secs]
   [Parallel Time: 3.3 ms, GC Workers: 4]
      [GC Worker Start (ms): Min: 168.8, Avg: 168.9, Max: 168.9, Diff: 0.0]
      [Ext Root Scanning (ms): Min: 0.1, Avg: 0.2, Max: 0.2, Diff: 0.1, Sum: 0.6]
      [Update RS (ms): Min: 0.0, Avg: 0.0, Max: 0.0, Diff: 0.0, Sum: 0.0]
         [Processed Buffers: Min: 0, Avg: 0.2, Max: 1, Diff: 1, Sum: 1]
      [Scan RS (ms): Min: 0.0, Avg: 0.0, Max: 0.0, Diff: 0.0, Sum: 0.0]
      [Code Root Scanning (ms): Min: 0.0, Avg: 0.0, Max: 0.0, Diff: 0.0, Sum: 0.0]
      [Object Copy (ms): Min: 2.9, Avg: 3.0, Max: 3.0, Diff: 0.1, Sum: 11.9]
      [Termination (ms): Min: 0.0, Avg: 0.1, Max: 0.2, Diff: 0.2, Sum: 0.4]
         [Termination Attempts: Min: 1, Avg: 1.0, Max: 1, Diff: 0, Sum: 4]
      [GC Worker Other (ms): Min: 0.0, Avg: 0.0, Max: 0.0, Diff: 0.0, Sum: 0.0]
      [GC Worker Total (ms): Min: 3.2, Avg: 3.3, Max: 3.3, Diff: 0.0, Sum: 13.0]
      [GC Worker End (ms): Min: 172.1, Avg: 172.1, Max: 172.1, Diff: 0.0]
   [Code Root Fixup: 0.0 ms]
   [Code Root Purge: 0.0 ms]
   [Clear CT: 0.0 ms]
   [Other: 0.3 ms]
      [Choose CSet: 0.0 ms]
      [Ref Proc: 0.1 ms]
      [Ref Enq: 0.0 ms]
      [Redirty Cards: 0.0 ms]
      [Humongous Register: 0.0 ms]
      [Humongous Reclaim: 0.0 ms]
      [Free CSet: 0.0 ms]
   [Eden: 21.0M(21.0M)->0.0B(21.0M) Survivors: 4096.0K->4096.0K Heap: 34.3M(512.0M)->17.5M(512.0M)]
 [Times: user=0.00 sys=0.00, real=0.00 secs] 
2021-01-20T13:34:59.120-0800: 0.183: [GC pause (G1 Evacuation Pause) (young), 0.0036140 secs]
   [Parallel Time: 3.2 ms, GC Workers: 4]
      [GC Worker Start (ms): Min: 183.1, Avg: 183.2, Max: 183.3, Diff: 0.2]
      [Ext Root Scanning (ms): Min: 0.0, Avg: 0.1, Max: 0.2, Diff: 0.2, Sum: 0.5]
      [Update RS (ms): Min: 0.0, Avg: 0.3, Max: 0.9, Diff: 0.9, Sum: 1.0]
         [Processed Buffers: Min: 1, Avg: 1.5, Max: 3, Diff: 2, Sum: 6]
      [Scan RS (ms): Min: 0.0, Avg: 0.0, Max: 0.0, Diff: 0.0, Sum: 0.0]
      [Code Root Scanning (ms): Min: 0.0, Avg: 0.0, Max: 0.0, Diff: 0.0, Sum: 0.0]
      [Object Copy (ms): Min: 1.9, Avg: 2.5, Max: 2.8, Diff: 0.9, Sum: 10.2]
      [Termination (ms): Min: 0.0, Avg: 0.1, Max: 0.2, Diff: 0.2, Sum: 0.6]
         [Termination Attempts: Min: 1, Avg: 1.0, Max: 1, Diff: 0, Sum: 4]
      [GC Worker Other (ms): Min: 0.0, Avg: 0.0, Max: 0.0, Diff: 0.0, Sum: 0.0]
      [GC Worker Total (ms): Min: 2.9, Avg: 3.1, Max: 3.2, Diff: 0.3, Sum: 12.3]
      [GC Worker End (ms): Min: 186.2, Avg: 186.2, Max: 186.3, Diff: 0.1]
   [Code Root Fixup: 0.0 ms]
   [Code Root Purge: 0.0 ms]
   [Clear CT: 0.0 ms]
   [Other: 0.3 ms]
      [Choose CSet: 0.0 ms]
      [Ref Proc: 0.2 ms]
      [Ref Enq: 0.0 ms]
      [Redirty Cards: 0.0 ms]
      [Humongous Register: 0.0 ms]
      [Humongous Reclaim: 0.0 ms]
      [Free CSet: 0.0 ms]
   [Eden: 21.0M(21.0M)->0.0B(37.0M) Survivors: 4096.0K->4096.0K Heap: 42.0M(512.0M)->27.1M(512.0M)]
 [Times: user=0.01 sys=0.00, real=0.00 secs] 
2021-01-20T13:34:59.159-0800: 0.222: [GC pause (G1 Evacuation Pause) (young), 0.0082727 secs]
   [Parallel Time: 7.6 ms, GC Workers: 4]
      [GC Worker Start (ms): Min: 222.5, Avg: 222.8, Max: 223.0, Diff: 0.5]
      [Ext Root Scanning (ms): Min: 0.0, Avg: 0.1, Max: 0.2, Diff: 0.2, Sum: 0.4]
      [Update RS (ms): Min: 0.0, Avg: 0.1, Max: 0.3, Diff: 0.3, Sum: 0.5]
         [Processed Buffers: Min: 0, Avg: 2.8, Max: 6, Diff: 6, Sum: 11]
      [Scan RS (ms): Min: 0.0, Avg: 0.0, Max: 0.0, Diff: 0.0, Sum: 0.0]
      [Code Root Scanning (ms): Min: 0.0, Avg: 0.0, Max: 0.0, Diff: 0.0, Sum: 0.0]
      [Object Copy (ms): Min: 6.6, Avg: 6.8, Max: 6.9, Diff: 0.3, Sum: 27.1]
      [Termination (ms): Min: 0.0, Avg: 0.3, Max: 0.4, Diff: 0.4, Sum: 1.0]
         [Termination Attempts: Min: 1, Avg: 1.0, Max: 1, Diff: 0, Sum: 4]
      [GC Worker Other (ms): Min: 0.0, Avg: 0.0, Max: 0.1, Diff: 0.0, Sum: 0.1]
      [GC Worker Total (ms): Min: 7.0, Avg: 7.3, Max: 7.6, Diff: 0.6, Sum: 29.1]
      [GC Worker End (ms): Min: 230.0, Avg: 230.0, Max: 230.1, Diff: 0.1]
   [Code Root Fixup: 0.0 ms]
   [Code Root Purge: 0.0 ms]
   [Clear CT: 0.1 ms]
   [Other: 0.6 ms]
      [Choose CSet: 0.0 ms]
      [Ref Proc: 0.3 ms]
      [Ref Enq: 0.0 ms]
      [Redirty Cards: 0.1 ms]
      [Humongous Register: 0.0 ms]
      [Humongous Reclaim: 0.1 ms]
      [Free CSet: 0.0 ms]
   [Eden: 37.0M(37.0M)->0.0B(206.0M) Survivors: 4096.0K->6144.0K Heap: 69.2M(512.0M)->38.7M(512.0M)]
 [Times: user=0.01 sys=0.00, real=0.01 secs] 
2021-01-20T13:34:59.418-0800: 0.482: [GC pause (G1 Evacuation Pause) (young), 0.0565668 secs]
   [Parallel Time: 55.8 ms, GC Workers: 4]
      [GC Worker Start (ms): Min: 481.9, Avg: 482.0, Max: 482.5, Diff: 0.6]
      [Ext Root Scanning (ms): Min: 0.0, Avg: 0.1, Max: 0.2, Diff: 0.1, Sum: 0.4]
      [Update RS (ms): Min: 0.0, Avg: 0.2, Max: 0.2, Diff: 0.2, Sum: 0.7]
         [Processed Buffers: Min: 0, Avg: 2.0, Max: 4, Diff: 4, Sum: 8]
      [Scan RS (ms): Min: 0.0, Avg: 0.0, Max: 0.1, Diff: 0.1, Sum: 0.1]
      [Code Root Scanning (ms): Min: 0.0, Avg: 0.0, Max: 0.0, Diff: 0.0, Sum: 0.0]
      [Object Copy (ms): Min: 55.0, Avg: 55.1, Max: 55.3, Diff: 0.3, Sum: 220.5]
      [Termination (ms): Min: 0.0, Avg: 0.1, Max: 0.3, Diff: 0.2, Sum: 0.6]
         [Termination Attempts: Min: 1, Avg: 1.0, Max: 1, Diff: 0, Sum: 4]
      [GC Worker Other (ms): Min: 0.0, Avg: 0.0, Max: 0.0, Diff: 0.0, Sum: 0.1]
      [GC Worker Total (ms): Min: 55.2, Avg: 55.6, Max: 55.8, Diff: 0.6, Sum: 222.4]
      [GC Worker End (ms): Min: 537.6, Avg: 537.6, Max: 537.6, Diff: 0.0]
   [Code Root Fixup: 0.0 ms]
   [Code Root Purge: 0.0 ms]
   [Clear CT: 0.1 ms]
   [Other: 0.6 ms]
      [Choose CSet: 0.0 ms]
      [Ref Proc: 0.2 ms]
      [Ref Enq: 0.0 ms]
      [Redirty Cards: 0.0 ms]
      [Humongous Register: 0.0 ms]
      [Humongous Reclaim: 0.1 ms]
      [Free CSet: 0.1 ms]
   [Eden: 206.0M(206.0M)->0.0B(6144.0K) Survivors: 6144.0K->27.0M Heap: 298.7M(512.0M)->125.1M(512.0M)]
 [Times: user=0.03 sys=0.03, real=0.06 secs] 
2021-01-20T13:34:59.477-0800: 0.540: [GC pause (G1 Evacuation Pause) (young), 0.0074626 secs]
   [Parallel Time: 7.1 ms, GC Workers: 4]
      [GC Worker Start (ms): Min: 540.5, Avg: 540.5, Max: 540.5, Diff: 0.0]
      [Ext Root Scanning (ms): Min: 0.1, Avg: 0.1, Max: 0.1, Diff: 0.0, Sum: 0.5]
      [Update RS (ms): Min: 0.2, Avg: 0.2, Max: 0.2, Diff: 0.0, Sum: 0.7]
         [Processed Buffers: Min: 1, Avg: 2.2, Max: 3, Diff: 2, Sum: 9]
      [Scan RS (ms): Min: 0.0, Avg: 0.0, Max: 0.0, Diff: 0.0, Sum: 0.0]
      [Code Root Scanning (ms): Min: 0.0, Avg: 0.0, Max: 0.0, Diff: 0.0, Sum: 0.0]
      [Object Copy (ms): Min: 6.6, Avg: 6.6, Max: 6.7, Diff: 0.1, Sum: 26.5]
      [Termination (ms): Min: 0.0, Avg: 0.1, Max: 0.2, Diff: 0.2, Sum: 0.4]
         [Termination Attempts: Min: 1, Avg: 1.0, Max: 1, Diff: 0, Sum: 4]
      [GC Worker Other (ms): Min: 0.0, Avg: 0.0, Max: 0.0, Diff: 0.0, Sum: 0.0]
      [GC Worker Total (ms): Min: 7.0, Avg: 7.0, Max: 7.0, Diff: 0.0, Sum: 28.1]
      [GC Worker End (ms): Min: 547.5, Avg: 547.5, Max: 547.6, Diff: 0.0]
   [Code Root Fixup: 0.0 ms]
   [Code Root Purge: 0.0 ms]
   [Clear CT: 0.0 ms]
   [Other: 0.3 ms]
      [Choose CSet: 0.0 ms]
      [Ref Proc: 0.1 ms]
      [Ref Enq: 0.0 ms]
      [Redirty Cards: 0.0 ms]
      [Humongous Register: 0.0 ms]
      [Humongous Reclaim: 0.0 ms]
      [Free CSet: 0.0 ms]
   [Eden: 6144.0K(6144.0K)->0.0B(79.0M) Survivors: 27.0M->2048.0K Heap: 134.4M(512.0M)->129.0M(512.0M)]
 [Times: user=0.02 sys=0.01, real=0.01 secs] 
2021-01-20T13:34:59.513-0800: 0.576: [GC pause (G1 Evacuation Pause) (young), 0.0126411 secs]
   [Parallel Time: 12.1 ms, GC Workers: 4]
      [GC Worker Start (ms): Min: 576.2, Avg: 576.3, Max: 576.3, Diff: 0.0]
      [Ext Root Scanning (ms): Min: 0.2, Avg: 0.5, Max: 0.9, Diff: 0.8, Sum: 1.9]
      [Update RS (ms): Min: 0.0, Avg: 0.2, Max: 0.3, Diff: 0.3, Sum: 0.6]
         [Processed Buffers: Min: 0, Avg: 2.5, Max: 6, Diff: 6, Sum: 10]
      [Scan RS (ms): Min: 0.0, Avg: 0.0, Max: 0.0, Diff: 0.0, Sum: 0.0]
      [Code Root Scanning (ms): Min: 0.0, Avg: 0.0, Max: 0.0, Diff: 0.0, Sum: 0.0]
      [Object Copy (ms): Min: 10.9, Avg: 11.3, Max: 11.5, Diff: 0.6, Sum: 45.0]
      [Termination (ms): Min: 0.0, Avg: 0.1, Max: 0.2, Diff: 0.2, Sum: 0.4]
         [Termination Attempts: Min: 1, Avg: 1.0, Max: 1, Diff: 0, Sum: 4]
      [GC Worker Other (ms): Min: 0.0, Avg: 0.0, Max: 0.0, Diff: 0.0, Sum: 0.0]
      [GC Worker Total (ms): Min: 12.0, Avg: 12.0, Max: 12.1, Diff: 0.0, Sum: 48.1]
      [GC Worker End (ms): Min: 588.3, Avg: 588.3, Max: 588.3, Diff: 0.0]
   [Code Root Fixup: 0.0 ms]
   [Code Root Purge: 0.0 ms]
   [Clear CT: 0.0 ms]
   [Other: 0.5 ms]
      [Choose CSet: 0.0 ms]
      [Ref Proc: 0.2 ms]
      [Ref Enq: 0.0 ms]
      [Redirty Cards: 0.0 ms]
      [Humongous Register: 0.1 ms]
      [Humongous Reclaim: 0.1 ms]
      [Free CSet: 0.0 ms]
   [Eden: 79.0M(79.0M)->0.0B(93.0M) Survivors: 2048.0K->11.0M Heap: 224.8M(512.0M)->162.0M(512.0M)]
 [Times: user=0.01 sys=0.01, real=0.01 secs] 
2021-01-20T13:34:59.551-0800: 0.615: [GC pause (G1 Evacuation Pause) (young), 0.0167236 secs]
   [Parallel Time: 16.3 ms, GC Workers: 4]
      [GC Worker Start (ms): Min: 614.9, Avg: 614.9, Max: 614.9, Diff: 0.0]
      [Ext Root Scanning (ms): Min: 0.1, Avg: 0.1, Max: 0.2, Diff: 0.0, Sum: 0.5]
      [Update RS (ms): Min: 0.2, Avg: 0.4, Max: 0.9, Diff: 0.7, Sum: 1.8]
         [Processed Buffers: Min: 0, Avg: 2.8, Max: 4, Diff: 4, Sum: 11]
      [Scan RS (ms): Min: 0.0, Avg: 0.0, Max: 0.0, Diff: 0.0, Sum: 0.1]
      [Code Root Scanning (ms): Min: 0.0, Avg: 0.0, Max: 0.0, Diff: 0.0, Sum: 0.0]
      [Object Copy (ms): Min: 15.0, Avg: 15.5, Max: 15.8, Diff: 0.7, Sum: 61.9]
      [Termination (ms): Min: 0.0, Avg: 0.1, Max: 0.2, Diff: 0.2, Sum: 0.5]
         [Termination Attempts: Min: 1, Avg: 1.0, Max: 1, Diff: 0, Sum: 4]
      [GC Worker Other (ms): Min: 0.0, Avg: 0.0, Max: 0.0, Diff: 0.0, Sum: 0.1]
      [GC Worker Total (ms): Min: 16.2, Avg: 16.2, Max: 16.2, Diff: 0.0, Sum: 64.9]
      [GC Worker End (ms): Min: 631.1, Avg: 631.1, Max: 631.1, Diff: 0.0]
   [Code Root Fixup: 0.0 ms]
   [Code Root Purge: 0.0 ms]
   [Clear CT: 0.1 ms]
   [Other: 0.4 ms]
      [Choose CSet: 0.0 ms]
      [Ref Proc: 0.1 ms]
      [Ref Enq: 0.0 ms]
      [Redirty Cards: 0.0 ms]
      [Humongous Register: 0.0 ms]
      [Humongous Reclaim: 0.1 ms]
      [Free CSet: 0.0 ms]
   [Eden: 93.0M(93.0M)->0.0B(122.0M) Survivors: 11.0M->13.0M Heap: 274.0M(512.0M)->195.1M(512.0M)]
 [Times: user=0.02 sys=0.02, real=0.01 secs] 
2021-01-20T13:34:59.585-0800: 0.649: [GC pause (G1 Humongous Allocation) (young) (initial-mark), 0.0082425 secs]
   [Parallel Time: 7.9 ms, GC Workers: 4]
      [GC Worker Start (ms): Min: 648.9, Avg: 649.0, Max: 649.1, Diff: 0.2]
      [Ext Root Scanning (ms): Min: 0.0, Avg: 0.1, Max: 0.2, Diff: 0.2, Sum: 0.6]
      [Update RS (ms): Min: 0.2, Avg: 0.4, Max: 0.7, Diff: 0.5, Sum: 1.5]
         [Processed Buffers: Min: 0, Avg: 3.0, Max: 4, Diff: 4, Sum: 12]
      [Scan RS (ms): Min: 0.0, Avg: 0.0, Max: 0.0, Diff: 0.0, Sum: 0.1]
      [Code Root Scanning (ms): Min: 0.0, Avg: 0.0, Max: 0.0, Diff: 0.0, Sum: 0.0]
      [Object Copy (ms): Min: 6.6, Avg: 7.0, Max: 7.3, Diff: 0.7, Sum: 28.0]
      [Termination (ms): Min: 0.0, Avg: 0.2, Max: 0.3, Diff: 0.3, Sum: 0.7]
         [Termination Attempts: Min: 1, Avg: 1.0, Max: 1, Diff: 0, Sum: 4]
      [GC Worker Other (ms): Min: 0.0, Avg: 0.0, Max: 0.1, Diff: 0.1, Sum: 0.1]
      [GC Worker Total (ms): Min: 7.6, Avg: 7.7, Max: 7.8, Diff: 0.2, Sum: 30.9]
      [GC Worker End (ms): Min: 656.7, Avg: 656.7, Max: 656.7, Diff: 0.1]
   [Code Root Fixup: 0.0 ms]
   [Code Root Purge: 0.0 ms]
   [Clear CT: 0.1 ms]
   [Other: 0.3 ms]
      [Choose CSet: 0.0 ms]
      [Ref Proc: 0.1 ms]
      [Ref Enq: 0.0 ms]
      [Redirty Cards: 0.0 ms]
      [Humongous Register: 0.0 ms]
      [Humongous Reclaim: 0.0 ms]
      [Free CSet: 0.0 ms]
   [Eden: 61.0M(122.0M)->0.0B(141.0M) Survivors: 13.0M->17.0M Heap: 270.8M(512.0M)->218.2M(512.0M)]
 [Times: user=0.01 sys=0.01, real=0.01 secs] 
2021-01-20T13:34:59.594-0800: 0.657: [GC concurrent-root-region-scan-start]
2021-01-20T13:34:59.594-0800: 0.657: [GC concurrent-root-region-scan-end, 0.0001305 secs]
2021-01-20T13:34:59.594-0800: 0.657: [GC concurrent-mark-start]
2021-01-20T13:34:59.597-0800: 0.661: [GC concurrent-mark-end, 0.0033821 secs]
2021-01-20T13:34:59.597-0800: 0.661: [GC remark 2021-01-20T13:34:59.597-0800: 0.661: [Finalize Marking, 0.0000808 secs] 2021-01-20T13:34:59.598-0800: 0.661: [GC ref-proc, 0.0000320 secs] 2021-01-20T13:34:59.598-0800: 0.661: [Unloading, 0.0005229 secs], 0.0014739 secs]
 [Times: user=0.00 sys=0.00, real=0.00 secs] 
2021-01-20T13:34:59.599-0800: 0.662: [GC cleanup 232M->232M(512M), 0.0004920 secs]
 [Times: user=0.01 sys=0.00, real=0.00 secs] 
2021-01-20T13:34:59.649-0800: 0.712: [GC pause (G1 Evacuation Pause) (young) (to-space exhausted), 0.0076914 secs]
   [Parallel Time: 6.6 ms, GC Workers: 4]
      [GC Worker Start (ms): Min: 712.1, Avg: 712.1, Max: 712.1, Diff: 0.0]
      [Ext Root Scanning (ms): Min: 0.1, Avg: 0.1, Max: 0.2, Diff: 0.0, Sum: 0.5]
      [Update RS (ms): Min: 0.4, Avg: 0.4, Max: 0.5, Diff: 0.0, Sum: 1.8]
         [Processed Buffers: Min: 3, Avg: 5.8, Max: 7, Diff: 4, Sum: 23]
      [Scan RS (ms): Min: 0.0, Avg: 0.0, Max: 0.0, Diff: 0.0, Sum: 0.1]
      [Code Root Scanning (ms): Min: 0.0, Avg: 0.0, Max: 0.0, Diff: 0.0, Sum: 0.0]
      [Object Copy (ms): Min: 5.9, Avg: 5.9, Max: 5.9, Diff: 0.0, Sum: 23.5]
      [Termination (ms): Min: 0.0, Avg: 0.0, Max: 0.0, Diff: 0.0, Sum: 0.1]
         [Termination Attempts: Min: 1, Avg: 1.0, Max: 1, Diff: 0, Sum: 4]
      [GC Worker Other (ms): Min: 0.0, Avg: 0.0, Max: 0.0, Diff: 0.0, Sum: 0.1]
      [GC Worker Total (ms): Min: 6.5, Avg: 6.5, Max: 6.6, Diff: 0.0, Sum: 26.1]
      [GC Worker End (ms): Min: 718.6, Avg: 718.6, Max: 718.6, Diff: 0.0]
   [Code Root Fixup: 0.0 ms]
   [Code Root Purge: 0.0 ms]
   [Clear CT: 0.1 ms]
   [Other: 1.0 ms]
      [Evacuation Failure: 0.6 ms]
      [Choose CSet: 0.0 ms]
      [Ref Proc: 0.1 ms]
      [Ref Enq: 0.0 ms]
      [Redirty Cards: 0.1 ms]
      [Humongous Register: 0.1 ms]
      [Humongous Reclaim: 0.1 ms]
      [Free CSet: 0.1 ms]
   [Eden: 141.0M(141.0M)->0.0B(5120.0K) Survivors: 17.0M->20.0M Heap: 410.5M(512.0M)->308.9M(512.0M)]
 [Times: user=0.02 sys=0.00, real=0.01 secs] 
2021-01-20T13:34:59.658-0800: 0.721: [GC pause (G1 Evacuation Pause) (mixed), 0.0054817 secs]
   [Parallel Time: 5.1 ms, GC Workers: 4]
      [GC Worker Start (ms): Min: 721.3, Avg: 721.3, Max: 721.3, Diff: 0.0]
      [Ext Root Scanning (ms): Min: 0.1, Avg: 0.1, Max: 0.1, Diff: 0.0, Sum: 0.5]
      [Update RS (ms): Min: 0.3, Avg: 0.4, Max: 0.4, Diff: 0.1, Sum: 1.5]
         [Processed Buffers: Min: 3, Avg: 4.5, Max: 5, Diff: 2, Sum: 18]
      [Scan RS (ms): Min: 0.0, Avg: 0.0, Max: 0.0, Diff: 0.0, Sum: 0.1]
      [Code Root Scanning (ms): Min: 0.0, Avg: 0.0, Max: 0.0, Diff: 0.0, Sum: 0.0]
      [Object Copy (ms): Min: 4.3, Avg: 4.4, Max: 4.5, Diff: 0.2, Sum: 17.7]
      [Termination (ms): Min: 0.0, Avg: 0.1, Max: 0.1, Diff: 0.1, Sum: 0.2]
         [Termination Attempts: Min: 1, Avg: 1.0, Max: 1, Diff: 0, Sum: 4]
      [GC Worker Other (ms): Min: 0.0, Avg: 0.0, Max: 0.0, Diff: 0.0, Sum: 0.0]
      [GC Worker Total (ms): Min: 5.0, Avg: 5.0, Max: 5.0, Diff: 0.0, Sum: 20.0]
      [GC Worker End (ms): Min: 726.3, Avg: 726.3, Max: 726.3, Diff: 0.0]
   [Code Root Fixup: 0.0 ms]
   [Code Root Purge: 0.0 ms]
   [Clear CT: 0.1 ms]
   [Other: 0.3 ms]
      [Choose CSet: 0.0 ms]
      [Ref Proc: 0.1 ms]
      [Ref Enq: 0.0 ms]
      [Redirty Cards: 0.0 ms]
      [Humongous Register: 0.1 ms]
      [Humongous Reclaim: 0.0 ms]
      [Free CSet: 0.0 ms]
   [Eden: 5120.0K(5120.0K)->0.0B(94.0M) Survivors: 20.0M->1024.0K Heap: 316.4M(512.0M)->295.8M(512.0M)]
 [Times: user=0.01 sys=0.01, real=0.01 secs] 
2021-01-20T13:34:59.663-0800: 0.727: [GC pause (G1 Humongous Allocation) (young) (initial-mark), 0.0007758 secs]
   [Parallel Time: 0.4 ms, GC Workers: 4]
      [GC Worker Start (ms): Min: 726.9, Avg: 727.0, Max: 727.1, Diff: 0.2]
      [Ext Root Scanning (ms): Min: 0.0, Avg: 0.1, Max: 0.2, Diff: 0.2, Sum: 0.5]
      [Update RS (ms): Min: 0.0, Avg: 0.1, Max: 0.1, Diff: 0.1, Sum: 0.3]
         [Processed Buffers: Min: 0, Avg: 1.2, Max: 2, Diff: 2, Sum: 5]
      [Scan RS (ms): Min: 0.0, Avg: 0.0, Max: 0.0, Diff: 0.0, Sum: 0.0]
      [Code Root Scanning (ms): Min: 0.0, Avg: 0.0, Max: 0.0, Diff: 0.0, Sum: 0.0]
      [Object Copy (ms): Min: 0.1, Avg: 0.1, Max: 0.2, Diff: 0.1, Sum: 0.4]
      [Termination (ms): Min: 0.0, Avg: 0.0, Max: 0.1, Diff: 0.1, Sum: 0.1]
         [Termination Attempts: Min: 1, Avg: 1.0, Max: 1, Diff: 0, Sum: 4]
      [GC Worker Other (ms): Min: 0.0, Avg: 0.0, Max: 0.0, Diff: 0.0, Sum: 0.0]
      [GC Worker Total (ms): Min: 0.2, Avg: 0.3, Max: 0.4, Diff: 0.2, Sum: 1.4]
      [GC Worker End (ms): Min: 727.3, Avg: 727.3, Max: 727.3, Diff: 0.0]
   [Code Root Fixup: 0.0 ms]
   [Code Root Purge: 0.0 ms]
   [Clear CT: 0.0 ms]
   [Other: 0.3 ms]
      [Choose CSet: 0.0 ms]
      [Ref Proc: 0.1 ms]
      [Ref Enq: 0.0 ms]
      [Redirty Cards: 0.0 ms]
      [Humongous Register: 0.1 ms]
      [Humongous Reclaim: 0.0 ms]
      [Free CSet: 0.0 ms]
   [Eden: 1024.0K(94.0M)->0.0B(93.0M) Survivors: 1024.0K->1024.0K Heap: 296.1M(512.0M)->296.1M(512.0M)]
 [Times: user=0.00 sys=0.00, real=0.00 secs] 
2021-01-20T13:34:59.664-0800: 0.728: [GC concurrent-root-region-scan-start]
2021-01-20T13:34:59.664-0800: 0.728: [GC concurrent-root-region-scan-end, 0.0000966 secs]
2021-01-20T13:34:59.664-0800: 0.728: [GC concurrent-mark-start]
2021-01-20T13:34:59.666-0800: 0.730: [GC concurrent-mark-end, 0.0018170 secs]
2021-01-20T13:34:59.666-0800: 0.730: [GC remark 2021-01-20T13:34:59.666-0800: 0.730: [Finalize Marking, 0.0001800 secs] 2021-01-20T13:34:59.667-0800: 0.730: [GC ref-proc, 0.0000266 secs] 2021-01-20T13:34:59.667-0800: 0.730: [Unloading, 0.0004754 secs], 0.0015967 secs]
 [Times: user=0.01 sys=0.00, real=0.00 secs] 
2021-01-20T13:34:59.668-0800: 0.732: [GC cleanup 305M->304M(512M), 0.0004680 secs]
 [Times: user=0.00 sys=0.00, real=0.00 secs] 
2021-01-20T13:34:59.669-0800: 0.732: [GC concurrent-cleanup-start]
2021-01-20T13:34:59.669-0800: 0.732: [GC concurrent-cleanup-end, 0.0000105 secs]
2021-01-20T13:34:59.691-0800: 0.754: [GC pause (G1 Evacuation Pause) (young), 0.0050619 secs]
   [Parallel Time: 4.4 ms, GC Workers: 4]
      [GC Worker Start (ms): Min: 754.2, Avg: 754.3, Max: 754.3, Diff: 0.0]
      [Ext Root Scanning (ms): Min: 0.1, Avg: 0.1, Max: 0.2, Diff: 0.0, Sum: 0.6]
      [Update RS (ms): Min: 0.4, Avg: 0.4, Max: 0.4, Diff: 0.0, Sum: 1.6]
         [Processed Buffers: Min: 2, Avg: 4.8, Max: 6, Diff: 4, Sum: 19]
      [Scan RS (ms): Min: 0.0, Avg: 0.0, Max: 0.0, Diff: 0.0, Sum: 0.1]
      [Code Root Scanning (ms): Min: 0.0, Avg: 0.0, Max: 0.0, Diff: 0.0, Sum: 0.0]
      [Object Copy (ms): Min: 3.7, Avg: 3.7, Max: 3.8, Diff: 0.1, Sum: 14.9]
      [Termination (ms): Min: 0.0, Avg: 0.1, Max: 0.1, Diff: 0.1, Sum: 0.2]
         [Termination Attempts: Min: 1, Avg: 1.0, Max: 1, Diff: 0, Sum: 4]
      [GC Worker Other (ms): Min: 0.0, Avg: 0.0, Max: 0.0, Diff: 0.0, Sum: 0.1]
      [GC Worker Total (ms): Min: 4.3, Avg: 4.4, Max: 4.4, Diff: 0.1, Sum: 17.4]
      [GC Worker End (ms): Min: 758.6, Avg: 758.6, Max: 758.6, Diff: 0.0]
   [Code Root Fixup: 0.0 ms]
   [Code Root Purge: 0.0 ms]
   [Clear CT: 0.1 ms]
   [Other: 0.5 ms]
      [Choose CSet: 0.0 ms]
      [Ref Proc: 0.2 ms]
      [Ref Enq: 0.0 ms]
      [Redirty Cards: 0.1 ms]
      [Humongous Register: 0.1 ms]
      [Humongous Reclaim: 0.1 ms]
      [Free CSet: 0.0 ms]
   [Eden: 93.0M(93.0M)->0.0B(13.0M) Survivors: 1024.0K->12.0M Heap: 411.7M(512.0M)->320.3M(512.0M)]
 [Times: user=0.01 sys=0.00, real=0.00 secs] 
2021-01-20T13:34:59.699-0800: 0.762: [GC pause (G1 Evacuation Pause) (mixed), 0.0058830 secs]
   [Parallel Time: 5.4 ms, GC Workers: 4]
      [GC Worker Start (ms): Min: 762.3, Avg: 762.3, Max: 762.4, Diff: 0.0]
      [Ext Root Scanning (ms): Min: 0.1, Avg: 0.1, Max: 0.2, Diff: 0.0, Sum: 0.5]
      [Update RS (ms): Min: 0.3, Avg: 0.3, Max: 0.4, Diff: 0.1, Sum: 1.3]
         [Processed Buffers: Min: 4, Avg: 4.8, Max: 5, Diff: 1, Sum: 19]
      [Scan RS (ms): Min: 0.0, Avg: 0.0, Max: 0.1, Diff: 0.1, Sum: 0.1]
      [Code Root Scanning (ms): Min: 0.0, Avg: 0.0, Max: 0.0, Diff: 0.0, Sum: 0.0]
      [Object Copy (ms): Min: 4.7, Avg: 4.7, Max: 4.8, Diff: 0.1, Sum: 18.8]
      [Termination (ms): Min: 0.0, Avg: 0.1, Max: 0.1, Diff: 0.1, Sum: 0.3]
         [Termination Attempts: Min: 1, Avg: 1.0, Max: 1, Diff: 0, Sum: 4]
      [GC Worker Other (ms): Min: 0.0, Avg: 0.0, Max: 0.0, Diff: 0.0, Sum: 0.0]
      [GC Worker Total (ms): Min: 5.3, Avg: 5.3, Max: 5.3, Diff: 0.1, Sum: 21.2]
      [GC Worker End (ms): Min: 767.6, Avg: 767.6, Max: 767.6, Diff: 0.0]
   [Code Root Fixup: 0.0 ms]
   [Code Root Purge: 0.0 ms]
   [Clear CT: 0.1 ms]
   [Other: 0.5 ms]
      [Choose CSet: 0.0 ms]
      [Ref Proc: 0.2 ms]
      [Ref Enq: 0.0 ms]
      [Redirty Cards: 0.0 ms]
      [Humongous Register: 0.1 ms]
      [Humongous Reclaim: 0.0 ms]
      [Free CSet: 0.1 ms]
   [Eden: 13.0M(13.0M)->0.0B(21.0M) Survivors: 12.0M->4096.0K Heap: 335.0M(512.0M)->282.8M(512.0M)]
 [Times: user=0.02 sys=0.01, real=0.01 secs] 
2021-01-20T13:34:59.711-0800: 0.774: [GC pause (G1 Evacuation Pause) (mixed), 0.0050023 secs]
   [Parallel Time: 4.6 ms, GC Workers: 4]
      [GC Worker Start (ms): Min: 774.3, Avg: 774.5, Max: 775.0, Diff: 0.8]
      [Ext Root Scanning (ms): Min: 0.0, Avg: 0.1, Max: 0.2, Diff: 0.2, Sum: 0.4]
      [Update RS (ms): Min: 0.0, Avg: 0.5, Max: 0.6, Diff: 0.6, Sum: 1.9]
         [Processed Buffers: Min: 0, Avg: 6.2, Max: 10, Diff: 10, Sum: 25]
      [Scan RS (ms): Min: 0.0, Avg: 0.1, Max: 0.1, Diff: 0.1, Sum: 0.2]
      [Code Root Scanning (ms): Min: 0.0, Avg: 0.0, Max: 0.0, Diff: 0.0, Sum: 0.0]
      [Object Copy (ms): Min: 3.6, Avg: 3.6, Max: 3.7, Diff: 0.1, Sum: 14.5]
      [Termination (ms): Min: 0.0, Avg: 0.0, Max: 0.1, Diff: 0.1, Sum: 0.1]
         [Termination Attempts: Min: 1, Avg: 1.0, Max: 1, Diff: 0, Sum: 4]
      [GC Worker Other (ms): Min: 0.0, Avg: 0.0, Max: 0.0, Diff: 0.0, Sum: 0.0]
      [GC Worker Total (ms): Min: 3.7, Avg: 4.3, Max: 4.5, Diff: 0.8, Sum: 17.2]
      [GC Worker End (ms): Min: 778.8, Avg: 778.8, Max: 778.8, Diff: 0.0]
   [Code Root Fixup: 0.0 ms]
   [Code Root Purge: 0.0 ms]
   [Clear CT: 0.1 ms]
   [Other: 0.4 ms]
      [Choose CSet: 0.0 ms]
      [Ref Proc: 0.1 ms]
      [Ref Enq: 0.0 ms]
      [Redirty Cards: 0.0 ms]
      [Humongous Register: 0.1 ms]
      [Humongous Reclaim: 0.0 ms]
      [Free CSet: 0.1 ms]
   [Eden: 21.0M(21.0M)->0.0B(109.0M) Survivors: 4096.0K->4096.0K Heap: 312.2M(512.0M)->275.5M(512.0M)]
 [Times: user=0.02 sys=0.00, real=0.00 secs] 
2021-01-20T13:34:59.717-0800: 0.781: [GC pause (G1 Humongous Allocation) (young) (initial-mark), 0.0014110 secs]
   [Parallel Time: 1.1 ms, GC Workers: 4]
      [GC Worker Start (ms): Min: 780.7, Avg: 780.7, Max: 780.7, Diff: 0.0]
      [Ext Root Scanning (ms): Min: 0.1, Avg: 0.1, Max: 0.2, Diff: 0.0, Sum: 0.6]
      [Update RS (ms): Min: 0.1, Avg: 0.2, Max: 0.4, Diff: 0.4, Sum: 0.7]
         [Processed Buffers: Min: 1, Avg: 1.2, Max: 2, Diff: 1, Sum: 5]
      [Scan RS (ms): Min: 0.0, Avg: 0.0, Max: 0.0, Diff: 0.0, Sum: 0.0]
      [Code Root Scanning (ms): Min: 0.0, Avg: 0.0, Max: 0.0, Diff: 0.0, Sum: 0.0]
      [Object Copy (ms): Min: 0.4, Avg: 0.6, Max: 0.7, Diff: 0.4, Sum: 2.6]
      [Termination (ms): Min: 0.0, Avg: 0.0, Max: 0.0, Diff: 0.0, Sum: 0.0]
         [Termination Attempts: Min: 1, Avg: 1.0, Max: 1, Diff: 0, Sum: 4]
      [GC Worker Other (ms): Min: 0.0, Avg: 0.0, Max: 0.0, Diff: 0.0, Sum: 0.1]
      [GC Worker Total (ms): Min: 1.0, Avg: 1.0, Max: 1.0, Diff: 0.0, Sum: 4.0]
      [GC Worker End (ms): Min: 781.7, Avg: 781.7, Max: 781.7, Diff: 0.0]
   [Code Root Fixup: 0.0 ms]
   [Code Root Purge: 0.0 ms]
   [Clear CT: 0.0 ms]
   [Other: 0.3 ms]
      [Choose CSet: 0.0 ms]
      [Ref Proc: 0.1 ms]
      [Ref Enq: 0.0 ms]
      [Redirty Cards: 0.0 ms]
      [Humongous Register: 0.0 ms]
      [Humongous Reclaim: 0.0 ms]
      [Free CSet: 0.0 ms]
   [Eden: 6144.0K(109.0M)->0.0B(99.0M) Survivors: 4096.0K->7168.0K Heap: 281.3M(512.0M)->277.1M(512.0M)]
 [Times: user=0.00 sys=0.00, real=0.00 secs] 
2021-01-20T13:34:59.719-0800: 0.782: [GC concurrent-root-region-scan-start]
2021-01-20T13:34:59.719-0800: 0.782: [GC concurrent-root-region-scan-end, 0.0001294 secs]
2021-01-20T13:34:59.719-0800: 0.782: [GC concurrent-mark-start]
2021-01-20T13:34:59.720-0800: 0.784: [GC concurrent-mark-end, 0.0016744 secs]
2021-01-20T13:34:59.721-0800: 0.784: [GC remark 2021-01-20T13:34:59.721-0800: 0.784: [Finalize Marking, 0.0001431 secs] 2021-01-20T13:34:59.721-0800: 0.784: [GC ref-proc, 0.0000242 secs] 2021-01-20T13:34:59.721-0800: 0.784: [Unloading, 0.0005133 secs], 0.0016616 secs]
 [Times: user=0.00 sys=0.00, real=0.00 secs] 
2021-01-20T13:34:59.722-0800: 0.786: [GC cleanup 288M->288M(512M), 0.0006540 secs]
 [Times: user=0.00 sys=0.00, real=0.00 secs] 
2021-01-20T13:34:59.744-0800: 0.808: [GC pause (G1 Evacuation Pause) (young), 0.0054881 secs]
   [Parallel Time: 5.0 ms, GC Workers: 4]
      [GC Worker Start (ms): Min: 807.8, Avg: 807.8, Max: 807.9, Diff: 0.1]
      [Ext Root Scanning (ms): Min: 0.1, Avg: 0.1, Max: 0.1, Diff: 0.1, Sum: 0.5]
      [Update RS (ms): Min: 0.6, Avg: 0.6, Max: 0.7, Diff: 0.0, Sum: 2.6]
         [Processed Buffers: Min: 6, Avg: 8.0, Max: 9, Diff: 3, Sum: 32]
      [Scan RS (ms): Min: 0.0, Avg: 0.0, Max: 0.0, Diff: 0.0, Sum: 0.0]
      [Code Root Scanning (ms): Min: 0.0, Avg: 0.0, Max: 0.0, Diff: 0.0, Sum: 0.0]
      [Object Copy (ms): Min: 4.1, Avg: 4.1, Max: 4.1, Diff: 0.0, Sum: 16.4]
      [Termination (ms): Min: 0.0, Avg: 0.1, Max: 0.1, Diff: 0.1, Sum: 0.2]
         [Termination Attempts: Min: 1, Avg: 1.0, Max: 1, Diff: 0, Sum: 4]
      [GC Worker Other (ms): Min: 0.0, Avg: 0.0, Max: 0.0, Diff: 0.0, Sum: 0.0]
      [GC Worker Total (ms): Min: 4.9, Avg: 4.9, Max: 5.0, Diff: 0.1, Sum: 19.7]
      [GC Worker End (ms): Min: 812.7, Avg: 812.7, Max: 812.7, Diff: 0.0]
   [Code Root Fixup: 0.0 ms]
   [Code Root Purge: 0.0 ms]
   [Clear CT: 0.1 ms]
   [Other: 0.4 ms]
      [Choose CSet: 0.0 ms]
      [Ref Proc: 0.1 ms]
      [Ref Enq: 0.0 ms]
      [Redirty Cards: 0.0 ms]
      [Humongous Register: 0.1 ms]
      [Humongous Reclaim: 0.0 ms]
      [Free CSet: 0.0 ms]
   [Eden: 99.0M(99.0M)->0.0B(11.0M) Survivors: 7168.0K->14.0M Heap: 407.5M(512.0M)->316.1M(512.0M)]
 [Times: user=0.01 sys=0.00, real=0.01 secs] 
2021-01-20T13:34:59.752-0800: 0.815: [GC pause (G1 Evacuation Pause) (mixed), 0.0059309 secs]
   [Parallel Time: 5.5 ms, GC Workers: 4]
      [GC Worker Start (ms): Min: 815.4, Avg: 815.4, Max: 815.5, Diff: 0.0]
      [Ext Root Scanning (ms): Min: 0.1, Avg: 0.1, Max: 0.2, Diff: 0.0, Sum: 0.5]
      [Update RS (ms): Min: 0.2, Avg: 0.3, Max: 0.3, Diff: 0.0, Sum: 1.1]
         [Processed Buffers: Min: 3, Avg: 4.0, Max: 5, Diff: 2, Sum: 16]
      [Scan RS (ms): Min: 0.0, Avg: 0.0, Max: 0.1, Diff: 0.0, Sum: 0.1]
      [Code Root Scanning (ms): Min: 0.0, Avg: 0.0, Max: 0.0, Diff: 0.0, Sum: 0.0]
      [Object Copy (ms): Min: 5.0, Avg: 5.0, Max: 5.0, Diff: 0.0, Sum: 20.0]
      [Termination (ms): Min: 0.0, Avg: 0.0, Max: 0.0, Diff: 0.0, Sum: 0.1]
         [Termination Attempts: Min: 1, Avg: 1.0, Max: 1, Diff: 0, Sum: 4]
      [GC Worker Other (ms): Min: 0.0, Avg: 0.0, Max: 0.0, Diff: 0.0, Sum: 0.0]
      [GC Worker Total (ms): Min: 5.5, Avg: 5.5, Max: 5.5, Diff: 0.0, Sum: 21.9]
      [GC Worker End (ms): Min: 820.9, Avg: 820.9, Max: 820.9, Diff: 0.0]
   [Code Root Fixup: 0.0 ms]
   [Code Root Purge: 0.0 ms]
   [Clear CT: 0.0 ms]
   [Other: 0.3 ms]
      [Choose CSet: 0.0 ms]
      [Ref Proc: 0.1 ms]
      [Ref Enq: 0.0 ms]
      [Redirty Cards: 0.0 ms]
      [Humongous Register: 0.1 ms]
      [Humongous Reclaim: 0.0 ms]
      [Free CSet: 0.0 ms]
   [Eden: 11.0M(11.0M)->0.0B(83.0M) Survivors: 14.0M->4096.0K Heap: 328.4M(512.0M)->299.5M(512.0M)]
 [Times: user=0.01 sys=0.01, real=0.00 secs] 
2021-01-20T13:34:59.758-0800: 0.821: [GC pause (G1 Humongous Allocation) (young) (initial-mark), 0.0012232 secs]
   [Parallel Time: 0.9 ms, GC Workers: 4]
      [GC Worker Start (ms): Min: 821.5, Avg: 821.5, Max: 821.5, Diff: 0.0]
      [Ext Root Scanning (ms): Min: 0.1, Avg: 0.1, Max: 0.1, Diff: 0.0, Sum: 0.5]
      [Update RS (ms): Min: 0.1, Avg: 0.3, Max: 0.6, Diff: 0.5, Sum: 1.1]
         [Processed Buffers: Min: 1, Avg: 1.2, Max: 2, Diff: 1, Sum: 5]
      [Scan RS (ms): Min: 0.0, Avg: 0.0, Max: 0.0, Diff: 0.0, Sum: 0.0]
      [Code Root Scanning (ms): Min: 0.0, Avg: 0.0, Max: 0.0, Diff: 0.0, Sum: 0.0]
      [Object Copy (ms): Min: 0.0, Avg: 0.3, Max: 0.5, Diff: 0.5, Sum: 1.3]
      [Termination (ms): Min: 0.0, Avg: 0.1, Max: 0.2, Diff: 0.2, Sum: 0.3]
         [Termination Attempts: Min: 1, Avg: 1.0, Max: 1, Diff: 0, Sum: 4]
      [GC Worker Other (ms): Min: 0.0, Avg: 0.0, Max: 0.1, Diff: 0.0, Sum: 0.1]
      [GC Worker Total (ms): Min: 0.8, Avg: 0.8, Max: 0.9, Diff: 0.0, Sum: 3.3]
      [GC Worker End (ms): Min: 822.3, Avg: 822.3, Max: 822.4, Diff: 0.0]
   [Code Root Fixup: 0.0 ms]
   [Code Root Purge: 0.0 ms]
   [Clear CT: 0.0 ms]
   [Other: 0.3 ms]
      [Choose CSet: 0.0 ms]
      [Ref Proc: 0.1 ms]
      [Ref Enq: 0.0 ms]
      [Redirty Cards: 0.0 ms]
      [Humongous Register: 0.0 ms]
      [Humongous Reclaim: 0.0 ms]
      [Free CSet: 0.0 ms]
   [Eden: 1024.0K(83.0M)->0.0B(88.0M) Survivors: 4096.0K->5120.0K Heap: 299.7M(512.0M)->300.0M(512.0M)]
 [Times: user=0.00 sys=0.00, real=0.00 secs] 
2021-01-20T13:34:59.759-0800: 0.823: [GC concurrent-root-region-scan-start]
2021-01-20T13:34:59.759-0800: 0.823: [GC concurrent-root-region-scan-end, 0.0001018 secs]
2021-01-20T13:34:59.759-0800: 0.823: [GC concurrent-mark-start]
2021-01-20T13:34:59.761-0800: 0.824: [GC concurrent-mark-end, 0.0015157 secs]
2021-01-20T13:34:59.761-0800: 0.825: [GC remark 2021-01-20T13:34:59.761-0800: 0.825: [Finalize Marking, 0.0003527 secs] 2021-01-20T13:34:59.762-0800: 0.825: [GC ref-proc, 0.0000307 secs] 2021-01-20T13:34:59.762-0800: 0.825: [Unloading, 0.0005342 secs], 0.0019497 secs]
 [Times: user=0.00 sys=0.00, real=0.00 secs] 
2021-01-20T13:34:59.763-0800: 0.827: [GC cleanup 310M->309M(512M), 0.0004725 secs]
 [Times: user=0.00 sys=0.00, real=0.00 secs] 
2021-01-20T13:34:59.764-0800: 0.827: [GC concurrent-cleanup-start]
2021-01-20T13:34:59.764-0800: 0.827: [GC concurrent-cleanup-end, 0.0000138 secs]
2021-01-20T13:34:59.783-0800: 0.847: [GC pause (G1 Evacuation Pause) (young), 0.0047836 secs]
   [Parallel Time: 4.4 ms, GC Workers: 4]
      [GC Worker Start (ms): Min: 846.8, Avg: 846.8, Max: 846.8, Diff: 0.0]
      [Ext Root Scanning (ms): Min: 0.1, Avg: 0.1, Max: 0.2, Diff: 0.0, Sum: 0.5]
      [Update RS (ms): Min: 0.4, Avg: 0.4, Max: 0.4, Diff: 0.0, Sum: 1.5]
         [Processed Buffers: Min: 2, Avg: 4.8, Max: 7, Diff: 5, Sum: 19]
      [Scan RS (ms): Min: 0.0, Avg: 0.0, Max: 0.0, Diff: 0.0, Sum: 0.0]
      [Code Root Scanning (ms): Min: 0.0, Avg: 0.0, Max: 0.0, Diff: 0.0, Sum: 0.0]
      [Object Copy (ms): Min: 3.7, Avg: 3.7, Max: 3.8, Diff: 0.1, Sum: 14.9]
      [Termination (ms): Min: 0.0, Avg: 0.1, Max: 0.1, Diff: 0.1, Sum: 0.3]
         [Termination Attempts: Min: 1, Avg: 1.0, Max: 1, Diff: 0, Sum: 4]
      [GC Worker Other (ms): Min: 0.0, Avg: 0.0, Max: 0.0, Diff: 0.0, Sum: 0.1]
      [GC Worker Total (ms): Min: 4.3, Avg: 4.3, Max: 4.4, Diff: 0.0, Sum: 17.3]
      [GC Worker End (ms): Min: 851.1, Avg: 851.2, Max: 851.2, Diff: 0.0]
   [Code Root Fixup: 0.0 ms]
   [Code Root Purge: 0.0 ms]
   [Clear CT: 0.0 ms]
   [Other: 0.4 ms]
      [Choose CSet: 0.0 ms]
      [Ref Proc: 0.1 ms]
      [Ref Enq: 0.0 ms]
      [Redirty Cards: 0.1 ms]
      [Humongous Register: 0.1 ms]
      [Humongous Reclaim: 0.0 ms]
      [Free CSet: 0.0 ms]
   [Eden: 88.0M(88.0M)->0.0B(13.0M) Survivors: 5120.0K->12.0M Heap: 409.8M(512.0M)->325.6M(512.0M)]
 [Times: user=0.02 sys=0.00, real=0.00 secs] 
2021-01-20T13:34:59.791-0800: 0.855: [GC pause (G1 Evacuation Pause) (mixed), 0.0073164 secs]
   [Parallel Time: 6.8 ms, GC Workers: 4]
      [GC Worker Start (ms): Min: 855.0, Avg: 855.0, Max: 855.1, Diff: 0.0]
      [Ext Root Scanning (ms): Min: 0.1, Avg: 0.1, Max: 0.1, Diff: 0.0, Sum: 0.5]
      [Update RS (ms): Min: 0.6, Avg: 0.6, Max: 0.6, Diff: 0.0, Sum: 2.4]
         [Processed Buffers: Min: 5, Avg: 7.8, Max: 9, Diff: 4, Sum: 31]
      [Scan RS (ms): Min: 0.0, Avg: 0.0, Max: 0.1, Diff: 0.0, Sum: 0.2]
      [Code Root Scanning (ms): Min: 0.0, Avg: 0.0, Max: 0.0, Diff: 0.0, Sum: 0.0]
      [Object Copy (ms): Min: 5.6, Avg: 5.7, Max: 5.8, Diff: 0.2, Sum: 22.6]
      [Termination (ms): Min: 0.0, Avg: 0.2, Max: 0.4, Diff: 0.4, Sum: 0.9]
         [Termination Attempts: Min: 1, Avg: 1.0, Max: 1, Diff: 0, Sum: 4]
      [GC Worker Other (ms): Min: 0.0, Avg: 0.0, Max: 0.0, Diff: 0.0, Sum: 0.0]
      [GC Worker Total (ms): Min: 6.6, Avg: 6.7, Max: 6.8, Diff: 0.2, Sum: 26.6]
      [GC Worker End (ms): Min: 861.6, Avg: 861.7, Max: 861.8, Diff: 0.2]
   [Code Root Fixup: 0.0 ms]
   [Code Root Purge: 0.0 ms]
   [Clear CT: 0.0 ms]
   [Other: 0.5 ms]
      [Choose CSet: 0.0 ms]
      [Ref Proc: 0.2 ms]
      [Ref Enq: 0.0 ms]
      [Redirty Cards: 0.0 ms]
      [Humongous Register: 0.1 ms]
      [Humongous Reclaim: 0.0 ms]
      [Free CSet: 0.1 ms]
   [Eden: 13.0M(13.0M)->0.0B(84.0M) Survivors: 12.0M->4096.0K Heap: 345.8M(512.0M)->304.9M(512.0M)]
 [Times: user=0.02 sys=0.00, real=0.00 secs] 
2021-01-20T13:34:59.799-0800: 0.863: [GC pause (G1 Humongous Allocation) (young) (initial-mark), 0.0014280 secs]
   [Parallel Time: 1.0 ms, GC Workers: 4]
      [GC Worker Start (ms): Min: 862.9, Avg: 862.9, Max: 863.1, Diff: 0.2]
      [Ext Root Scanning (ms): Min: 0.0, Avg: 0.1, Max: 0.2, Diff: 0.2, Sum: 0.6]
      [Update RS (ms): Min: 0.1, Avg: 0.2, Max: 0.6, Diff: 0.6, Sum: 1.0]
         [Processed Buffers: Min: 1, Avg: 1.2, Max: 2, Diff: 1, Sum: 5]
      [Scan RS (ms): Min: 0.0, Avg: 0.0, Max: 0.0, Diff: 0.0, Sum: 0.0]
      [Code Root Scanning (ms): Min: 0.0, Avg: 0.0, Max: 0.0, Diff: 0.0, Sum: 0.0]
      [Object Copy (ms): Min: 0.1, Avg: 0.4, Max: 0.5, Diff: 0.4, Sum: 1.4]
      [Termination (ms): Min: 0.0, Avg: 0.1, Max: 0.3, Diff: 0.3, Sum: 0.5]
         [Termination Attempts: Min: 1, Avg: 1.5, Max: 2, Diff: 1, Sum: 6]
      [GC Worker Other (ms): Min: 0.0, Avg: 0.0, Max: 0.0, Diff: 0.0, Sum: 0.0]
      [GC Worker Total (ms): Min: 0.8, Avg: 0.9, Max: 0.9, Diff: 0.2, Sum: 3.5]
      [GC Worker End (ms): Min: 863.8, Avg: 863.8, Max: 863.8, Diff: 0.0]
   [Code Root Fixup: 0.0 ms]
   [Code Root Purge: 0.0 ms]
   [Clear CT: 0.1 ms]
   [Other: 0.4 ms]
      [Choose CSet: 0.0 ms]
      [Ref Proc: 0.1 ms]
      [Ref Enq: 0.0 ms]
      [Redirty Cards: 0.0 ms]
      [Humongous Register: 0.1 ms]
      [Humongous Reclaim: 0.0 ms]
      [Free CSet: 0.0 ms]
   [Eden: 3072.0K(84.0M)->0.0B(88.0M) Survivors: 4096.0K->5120.0K Heap: 307.2M(512.0M)->305.1M(512.0M)]
 [Times: user=0.01 sys=0.00, real=0.01 secs] 
2021-01-20T13:34:59.801-0800: 0.864: [GC concurrent-root-region-scan-start]
2021-01-20T13:34:59.801-0800: 0.865: [GC concurrent-root-region-scan-end, 0.0001943 secs]
2021-01-20T13:34:59.801-0800: 0.865: [GC concurrent-mark-start]
2021-01-20T13:34:59.803-0800: 0.866: [GC concurrent-mark-end, 0.0016564 secs]
2021-01-20T13:34:59.803-0800: 0.866: [GC remark 2021-01-20T13:34:59.803-0800: 0.866: [Finalize Marking, 0.0000790 secs] 2021-01-20T13:34:59.803-0800: 0.866: [GC ref-proc, 0.0000282 secs] 2021-01-20T13:34:59.803-0800: 0.866: [Unloading, 0.0004804 secs], 0.0016042 secs]
 [Times: user=0.01 sys=0.00, real=0.00 secs] 
2021-01-20T13:34:59.805-0800: 0.868: [GC cleanup 315M->314M(512M), 0.0004469 secs]
 [Times: user=0.00 sys=0.00, real=0.00 secs] 
2021-01-20T13:34:59.805-0800: 0.869: [GC concurrent-cleanup-start]
2021-01-20T13:34:59.805-0800: 0.869: [GC concurrent-cleanup-end, 0.0000119 secs]
2021-01-20T13:34:59.822-0800: 0.886: [GC pause (G1 Evacuation Pause) (young), 0.0051063 secs]
   [Parallel Time: 4.6 ms, GC Workers: 4]
      [GC Worker Start (ms): Min: 886.1, Avg: 886.1, Max: 886.1, Diff: 0.0]
      [Ext Root Scanning (ms): Min: 0.1, Avg: 0.1, Max: 0.1, Diff: 0.0, Sum: 0.5]
      [Update RS (ms): Min: 0.4, Avg: 0.4, Max: 0.4, Diff: 0.0, Sum: 1.6]
         [Processed Buffers: Min: 2, Avg: 5.2, Max: 7, Diff: 5, Sum: 21]
      [Scan RS (ms): Min: 0.0, Avg: 0.0, Max: 0.0, Diff: 0.0, Sum: 0.1]
      [Code Root Scanning (ms): Min: 0.0, Avg: 0.0, Max: 0.0, Diff: 0.0, Sum: 0.0]
      [Object Copy (ms): Min: 3.8, Avg: 3.9, Max: 3.9, Diff: 0.1, Sum: 15.6]
      [Termination (ms): Min: 0.0, Avg: 0.0, Max: 0.1, Diff: 0.1, Sum: 0.2]
         [Termination Attempts: Min: 1, Avg: 1.0, Max: 1, Diff: 0, Sum: 4]
      [GC Worker Other (ms): Min: 0.0, Avg: 0.0, Max: 0.0, Diff: 0.0, Sum: 0.0]
      [GC Worker Total (ms): Min: 4.5, Avg: 4.5, Max: 4.5, Diff: 0.1, Sum: 18.1]
      [GC Worker End (ms): Min: 890.6, Avg: 890.6, Max: 890.6, Diff: 0.0]
   [Code Root Fixup: 0.0 ms]
   [Code Root Purge: 0.0 ms]
   [Clear CT: 0.1 ms]
   [Other: 0.4 ms]
      [Choose CSet: 0.0 ms]
      [Ref Proc: 0.1 ms]
      [Ref Enq: 0.0 ms]
      [Redirty Cards: 0.1 ms]
      [Humongous Register: 0.1 ms]
      [Humongous Reclaim: 0.0 ms]
      [Free CSet: 0.0 ms]
   [Eden: 88.0M(88.0M)->0.0B(13.0M) Survivors: 5120.0K->12.0M Heap: 410.6M(512.0M)->330.6M(512.0M)]
 [Times: user=0.02 sys=0.01, real=0.00 secs] 
2021-01-20T13:34:59.830-0800: 0.894: [GC pause (G1 Evacuation Pause) (mixed), 0.0067221 secs]
   [Parallel Time: 6.3 ms, GC Workers: 4]
      [GC Worker Start (ms): Min: 894.0, Avg: 894.1, Max: 894.1, Diff: 0.0]
      [Ext Root Scanning (ms): Min: 0.1, Avg: 0.1, Max: 0.1, Diff: 0.0, Sum: 0.5]
      [Update RS (ms): Min: 0.5, Avg: 0.5, Max: 0.5, Diff: 0.0, Sum: 2.0]
         [Processed Buffers: Min: 3, Avg: 6.5, Max: 8, Diff: 5, Sum: 26]
      [Scan RS (ms): Min: 0.0, Avg: 0.0, Max: 0.1, Diff: 0.0, Sum: 0.2]
      [Code Root Scanning (ms): Min: 0.0, Avg: 0.0, Max: 0.0, Diff: 0.0, Sum: 0.0]
      [Object Copy (ms): Min: 5.5, Avg: 5.6, Max: 5.6, Diff: 0.0, Sum: 22.2]
      [Termination (ms): Min: 0.0, Avg: 0.0, Max: 0.1, Diff: 0.1, Sum: 0.1]
         [Termination Attempts: Min: 1, Avg: 1.0, Max: 1, Diff: 0, Sum: 4]
      [GC Worker Other (ms): Min: 0.0, Avg: 0.0, Max: 0.0, Diff: 0.0, Sum: 0.0]
      [GC Worker Total (ms): Min: 6.3, Avg: 6.3, Max: 6.3, Diff: 0.0, Sum: 25.1]
      [GC Worker End (ms): Min: 900.3, Avg: 900.3, Max: 900.3, Diff: 0.0]
   [Code Root Fixup: 0.0 ms]
   [Code Root Purge: 0.0 ms]
   [Clear CT: 0.1 ms]
   [Other: 0.3 ms]
      [Choose CSet: 0.0 ms]
      [Ref Proc: 0.1 ms]
      [Ref Enq: 0.0 ms]
      [Redirty Cards: 0.0 ms]
      [Humongous Register: 0.1 ms]
      [Humongous Reclaim: 0.0 ms]
      [Free CSet: 0.0 ms]
   [Eden: 13.0M(13.0M)->0.0B(79.0M) Survivors: 12.0M->4096.0K Heap: 347.9M(512.0M)->313.5M(512.0M)]
 [Times: user=0.02 sys=0.00, real=0.00 secs] 
2021-01-20T13:34:59.838-0800: 0.901: [GC pause (G1 Humongous Allocation) (young) (initial-mark), 0.0012804 secs]
   [Parallel Time: 0.8 ms, GC Workers: 4]
      [GC Worker Start (ms): Min: 901.1, Avg: 901.1, Max: 901.2, Diff: 0.0]
      [Ext Root Scanning (ms): Min: 0.1, Avg: 0.1, Max: 0.2, Diff: 0.0, Sum: 0.6]
      [Update RS (ms): Min: 0.1, Avg: 0.1, Max: 0.1, Diff: 0.1, Sum: 0.4]
         [Processed Buffers: Min: 1, Avg: 1.2, Max: 2, Diff: 1, Sum: 5]
      [Scan RS (ms): Min: 0.0, Avg: 0.0, Max: 0.0, Diff: 0.0, Sum: 0.0]
      [Code Root Scanning (ms): Min: 0.0, Avg: 0.0, Max: 0.0, Diff: 0.0, Sum: 0.0]
      [Object Copy (ms): Min: 0.4, Avg: 0.4, Max: 0.5, Diff: 0.1, Sum: 1.8]
      [Termination (ms): Min: 0.0, Avg: 0.1, Max: 0.1, Diff: 0.1, Sum: 0.2]
         [Termination Attempts: Min: 1, Avg: 1.0, Max: 1, Diff: 0, Sum: 4]
      [GC Worker Other (ms): Min: 0.0, Avg: 0.0, Max: 0.0, Diff: 0.0, Sum: 0.0]
      [GC Worker Total (ms): Min: 0.7, Avg: 0.7, Max: 0.8, Diff: 0.0, Sum: 3.0]
      [GC Worker End (ms): Min: 901.9, Avg: 901.9, Max: 901.9, Diff: 0.0]
   [Code Root Fixup: 0.0 ms]
   [Code Root Purge: 0.0 ms]
   [Clear CT: 0.1 ms]
   [Other: 0.4 ms]
      [Choose CSet: 0.0 ms]
      [Ref Proc: 0.1 ms]
      [Ref Enq: 0.0 ms]
      [Redirty Cards: 0.1 ms]
      [Humongous Register: 0.1 ms]
      [Humongous Reclaim: 0.0 ms]
      [Free CSet: 0.0 ms]
   [Eden: 1024.0K(79.0M)->0.0B(84.0M) Survivors: 4096.0K->4096.0K Heap: 314.2M(512.0M)->313.3M(512.0M)]
 [Times: user=0.01 sys=0.00, real=0.00 secs] 
2021-01-20T13:34:59.839-0800: 0.902: [GC concurrent-root-region-scan-start]
2021-01-20T13:34:59.839-0800: 0.903: [GC concurrent-root-region-scan-end, 0.0000916 secs]
2021-01-20T13:34:59.839-0800: 0.903: [GC concurrent-mark-start]
2021-01-20T13:34:59.841-0800: 0.904: [GC concurrent-mark-end, 0.0017192 secs]
2021-01-20T13:34:59.841-0800: 0.904: [GC remark 2021-01-20T13:34:59.841-0800: 0.904: [Finalize Marking, 0.0001112 secs] 2021-01-20T13:34:59.841-0800: 0.905: [GC ref-proc, 0.0000264 secs] 2021-01-20T13:34:59.841-0800: 0.905: [Unloading, 0.0004703 secs], 0.0017641 secs]
 [Times: user=0.00 sys=0.00, real=0.00 secs] 
2021-01-20T13:34:59.843-0800: 0.906: [GC cleanup 322M->321M(512M), 0.0004395 secs]
 [Times: user=0.00 sys=0.00, real=0.00 secs] 
2021-01-20T13:34:59.843-0800: 0.907: [GC concurrent-cleanup-start]
2021-01-20T13:34:59.843-0800: 0.907: [GC concurrent-cleanup-end, 0.0000127 secs]
2021-01-20T13:34:59.861-0800: 0.925: [GC pause (G1 Evacuation Pause) (young), 0.0056476 secs]
   [Parallel Time: 4.8 ms, GC Workers: 4]
      [GC Worker Start (ms): Min: 925.1, Avg: 925.1, Max: 925.2, Diff: 0.1]
      [Ext Root Scanning (ms): Min: 0.1, Avg: 0.1, Max: 0.2, Diff: 0.1, Sum: 0.5]
      [Update RS (ms): Min: 0.6, Avg: 0.6, Max: 0.6, Diff: 0.0, Sum: 2.3]
         [Processed Buffers: Min: 4, Avg: 7.5, Max: 10, Diff: 6, Sum: 30]
      [Scan RS (ms): Min: 0.0, Avg: 0.0, Max: 0.0, Diff: 0.0, Sum: 0.0]
      [Code Root Scanning (ms): Min: 0.0, Avg: 0.0, Max: 0.0, Diff: 0.0, Sum: 0.0]
      [Object Copy (ms): Min: 3.6, Avg: 3.7, Max: 3.8, Diff: 0.3, Sum: 14.8]
      [Termination (ms): Min: 0.0, Avg: 0.2, Max: 0.4, Diff: 0.4, Sum: 0.9]
         [Termination Attempts: Min: 1, Avg: 1.0, Max: 1, Diff: 0, Sum: 4]
      [GC Worker Other (ms): Min: 0.0, Avg: 0.0, Max: 0.0, Diff: 0.0, Sum: 0.1]
      [GC Worker Total (ms): Min: 4.6, Avg: 4.7, Max: 4.7, Diff: 0.2, Sum: 18.7]
      [GC Worker End (ms): Min: 929.7, Avg: 929.8, Max: 929.9, Diff: 0.1]
   [Code Root Fixup: 0.0 ms]
   [Code Root Purge: 0.0 ms]
   [Clear CT: 0.1 ms]
   [Other: 0.7 ms]
      [Choose CSet: 0.0 ms]
      [Ref Proc: 0.2 ms]
      [Ref Enq: 0.0 ms]
      [Redirty Cards: 0.0 ms]
      [Humongous Register: 0.2 ms]
      [Humongous Reclaim: 0.1 ms]
      [Free CSet: 0.0 ms]
   [Eden: 84.0M(84.0M)->0.0B(14.0M) Survivors: 4096.0K->11.0M Heap: 417.0M(512.0M)->341.8M(512.0M)]
 [Times: user=0.02 sys=0.00, real=0.00 secs] 
2021-01-20T13:34:59.871-0800: 0.934: [GC pause (G1 Evacuation Pause) (mixed), 0.0059307 secs]
   [Parallel Time: 5.5 ms, GC Workers: 4]
      [GC Worker Start (ms): Min: 934.5, Avg: 934.5, Max: 934.5, Diff: 0.0]
      [Ext Root Scanning (ms): Min: 0.1, Avg: 0.1, Max: 0.2, Diff: 0.0, Sum: 0.5]
      [Update RS (ms): Min: 0.6, Avg: 0.9, Max: 1.4, Diff: 0.8, Sum: 3.6]
         [Processed Buffers: Min: 4, Avg: 7.5, Max: 10, Diff: 6, Sum: 30]
      [Scan RS (ms): Min: 0.0, Avg: 0.0, Max: 0.1, Diff: 0.1, Sum: 0.2]
      [Code Root Scanning (ms): Min: 0.0, Avg: 0.0, Max: 0.0, Diff: 0.0, Sum: 0.0]
      [Object Copy (ms): Min: 3.8, Avg: 4.2, Max: 4.6, Diff: 0.7, Sum: 16.9]
      [Termination (ms): Min: 0.0, Avg: 0.1, Max: 0.1, Diff: 0.1, Sum: 0.3]
         [Termination Attempts: Min: 1, Avg: 1.0, Max: 1, Diff: 0, Sum: 4]
      [GC Worker Other (ms): Min: 0.0, Avg: 0.0, Max: 0.0, Diff: 0.0, Sum: 0.1]
      [GC Worker Total (ms): Min: 5.4, Avg: 5.4, Max: 5.4, Diff: 0.0, Sum: 21.6]
      [GC Worker End (ms): Min: 939.9, Avg: 939.9, Max: 939.9, Diff: 0.0]
   [Code Root Fixup: 0.0 ms]
   [Code Root Purge: 0.0 ms]
   [Clear CT: 0.0 ms]
   [Other: 0.4 ms]
      [Choose CSet: 0.0 ms]
      [Ref Proc: 0.2 ms]
      [Ref Enq: 0.0 ms]
      [Redirty Cards: 0.1 ms]
      [Humongous Register: 0.1 ms]
      [Humongous Reclaim: 0.0 ms]
      [Free CSet: 0.0 ms]
   [Eden: 14.0M(14.0M)->0.0B(69.0M) Survivors: 11.0M->4096.0K Heap: 360.7M(512.0M)->328.0M(512.0M)]
 [Times: user=0.02 sys=0.00, real=0.00 secs] 
2021-01-20T13:34:59.878-0800: 0.942: [GC pause (G1 Humongous Allocation) (young) (initial-mark), 0.0018424 secs]
   [Parallel Time: 1.4 ms, GC Workers: 4]
      [GC Worker Start (ms): Min: 942.0, Avg: 942.0, Max: 942.1, Diff: 0.2]
      [Ext Root Scanning (ms): Min: 0.0, Avg: 0.1, Max: 0.2, Diff: 0.2, Sum: 0.6]
      [Update RS (ms): Min: 0.1, Avg: 0.3, Max: 1.0, Diff: 0.9, Sum: 1.3]
         [Processed Buffers: Min: 1, Avg: 1.2, Max: 2, Diff: 1, Sum: 5]
      [Scan RS (ms): Min: 0.0, Avg: 0.0, Max: 0.0, Diff: 0.0, Sum: 0.0]
      [Code Root Scanning (ms): Min: 0.0, Avg: 0.0, Max: 0.0, Diff: 0.0, Sum: 0.0]
      [Object Copy (ms): Min: 0.1, Avg: 0.6, Max: 0.8, Diff: 0.7, Sum: 2.3]
      [Termination (ms): Min: 0.0, Avg: 0.2, Max: 0.3, Diff: 0.3, Sum: 0.8]
         [Termination Attempts: Min: 1, Avg: 2.2, Max: 4, Diff: 3, Sum: 9]
      [GC Worker Other (ms): Min: 0.0, Avg: 0.0, Max: 0.0, Diff: 0.0, Sum: 0.0]
      [GC Worker Total (ms): Min: 1.1, Avg: 1.3, Max: 1.3, Diff: 0.2, Sum: 5.1]
      [GC Worker End (ms): Min: 943.3, Avg: 943.3, Max: 943.3, Diff: 0.0]
   [Code Root Fixup: 0.0 ms]
   [Code Root Purge: 0.0 ms]
   [Clear CT: 0.1 ms]
   [Other: 0.4 ms]
      [Choose CSet: 0.0 ms]
      [Ref Proc: 0.2 ms]
      [Ref Enq: 0.0 ms]
      [Redirty Cards: 0.0 ms]
      [Humongous Register: 0.1 ms]
      [Humongous Reclaim: 0.0 ms]
      [Free CSet: 0.0 ms]
   [Eden: 7168.0K(69.0M)->0.0B(62.0M) Survivors: 4096.0K->7168.0K Heap: 334.3M(512.0M)->331.2M(512.0M)]
 [Times: user=0.00 sys=0.00, real=0.01 secs] 
2021-01-20T13:34:59.880-0800: 0.944: [GC concurrent-root-region-scan-start]
2021-01-20T13:34:59.880-0800: 0.944: [GC concurrent-root-region-scan-end, 0.0001054 secs]
2021-01-20T13:34:59.880-0800: 0.944: [GC concurrent-mark-start]
2021-01-20T13:34:59.882-0800: 0.946: [GC concurrent-mark-end, 0.0017744 secs]
2021-01-20T13:34:59.882-0800: 0.946: [GC remark 2021-01-20T13:34:59.882-0800: 0.946: [Finalize Marking, 0.0000846 secs] 2021-01-20T13:34:59.882-0800: 0.946: [GC ref-proc, 0.0000258 secs] 2021-01-20T13:34:59.882-0800: 0.946: [Unloading, 0.0004552 secs], 0.0016579 secs]
 [Times: user=0.00 sys=0.00, real=0.00 secs] 
2021-01-20T13:34:59.884-0800: 0.948: [GC cleanup 339M->338M(512M), 0.0005152 secs]
 [Times: user=0.00 sys=0.00, real=0.00 secs] 
2021-01-20T13:34:59.885-0800: 0.948: [GC concurrent-cleanup-start]
2021-01-20T13:34:59.885-0800: 0.948: [GC concurrent-cleanup-end, 0.0000110 secs]
2021-01-20T13:34:59.897-0800: 0.961: [GC pause (G1 Evacuation Pause) (young), 0.0047502 secs]
   [Parallel Time: 4.3 ms, GC Workers: 4]
      [GC Worker Start (ms): Min: 961.0, Avg: 961.1, Max: 961.1, Diff: 0.0]
      [Ext Root Scanning (ms): Min: 0.1, Avg: 0.1, Max: 0.1, Diff: 0.0, Sum: 0.5]
      [Update RS (ms): Min: 0.7, Avg: 0.7, Max: 0.7, Diff: 0.0, Sum: 2.7]
         [Processed Buffers: Min: 6, Avg: 9.0, Max: 10, Diff: 4, Sum: 36]
      [Scan RS (ms): Min: 0.0, Avg: 0.0, Max: 0.0, Diff: 0.0, Sum: 0.0]
      [Code Root Scanning (ms): Min: 0.0, Avg: 0.0, Max: 0.0, Diff: 0.0, Sum: 0.0]
      [Object Copy (ms): Min: 3.3, Avg: 3.4, Max: 3.4, Diff: 0.1, Sum: 13.5]
      [Termination (ms): Min: 0.0, Avg: 0.0, Max: 0.1, Diff: 0.1, Sum: 0.2]
         [Termination Attempts: Min: 1, Avg: 1.0, Max: 1, Diff: 0, Sum: 4]
      [GC Worker Other (ms): Min: 0.0, Avg: 0.0, Max: 0.0, Diff: 0.0, Sum: 0.1]
      [GC Worker Total (ms): Min: 4.2, Avg: 4.3, Max: 4.3, Diff: 0.1, Sum: 17.1]
      [GC Worker End (ms): Min: 965.3, Avg: 965.3, Max: 965.3, Diff: 0.0]
   [Code Root Fixup: 0.0 ms]
   [Code Root Purge: 0.0 ms]
   [Clear CT: 0.1 ms]
   [Other: 0.4 ms]
      [Choose CSet: 0.0 ms]
      [Ref Proc: 0.1 ms]
      [Ref Enq: 0.0 ms]
      [Redirty Cards: 0.1 ms]
      [Humongous Register: 0.1 ms]
      [Humongous Reclaim: 0.0 ms]
      [Free CSet: 0.0 ms]
   [Eden: 62.0M(62.0M)->0.0B(16.0M) Survivors: 7168.0K->9216.0K Heap: 412.6M(512.0M)->357.7M(512.0M)]
 [Times: user=0.02 sys=0.01, real=0.01 secs] 
2021-01-20T13:34:59.906-0800: 0.970: [GC pause (G1 Evacuation Pause) (mixed), 0.0070997 secs]
   [Parallel Time: 6.4 ms, GC Workers: 4]
      [GC Worker Start (ms): Min: 969.8, Avg: 969.9, Max: 969.9, Diff: 0.0]
      [Ext Root Scanning (ms): Min: 0.1, Avg: 0.1, Max: 0.1, Diff: 0.0, Sum: 0.5]
      [Update RS (ms): Min: 0.8, Avg: 0.8, Max: 0.8, Diff: 0.0, Sum: 3.2]
         [Processed Buffers: Min: 8, Avg: 10.5, Max: 12, Diff: 4, Sum: 42]
      [Scan RS (ms): Min: 0.0, Avg: 0.4, Max: 1.3, Diff: 1.2, Sum: 1.4]
      [Code Root Scanning (ms): Min: 0.0, Avg: 0.0, Max: 0.0, Diff: 0.0, Sum: 0.0]
      [Object Copy (ms): Min: 4.1, Avg: 5.0, Max: 5.3, Diff: 1.2, Sum: 20.1]
      [Termination (ms): Min: 0.0, Avg: 0.0, Max: 0.0, Diff: 0.0, Sum: 0.1]
         [Termination Attempts: Min: 1, Avg: 1.0, Max: 1, Diff: 0, Sum: 4]
      [GC Worker Other (ms): Min: 0.0, Avg: 0.0, Max: 0.0, Diff: 0.0, Sum: 0.0]
      [GC Worker Total (ms): Min: 6.3, Avg: 6.3, Max: 6.3, Diff: 0.0, Sum: 25.3]
      [GC Worker End (ms): Min: 976.2, Avg: 976.2, Max: 976.2, Diff: 0.0]
   [Code Root Fixup: 0.0 ms]
   [Code Root Purge: 0.0 ms]
   [Clear CT: 0.1 ms]
   [Other: 0.6 ms]
      [Choose CSet: 0.0 ms]
      [Ref Proc: 0.3 ms]
      [Ref Enq: 0.0 ms]
      [Redirty Cards: 0.1 ms]
      [Humongous Register: 0.1 ms]
      [Humongous Reclaim: 0.0 ms]
      [Free CSet: 0.0 ms]
   [Eden: 16.0M(16.0M)->0.0B(21.0M) Survivors: 9216.0K->4096.0K Heap: 378.8M(512.0M)->342.0M(512.0M)]
 [Times: user=0.03 sys=0.00, real=0.01 secs] 
2021-01-20T13:34:59.917-0800: 0.981: [GC pause (G1 Evacuation Pause) (mixed), 0.0032432 secs]
   [Parallel Time: 2.9 ms, GC Workers: 4]
      [GC Worker Start (ms): Min: 981.0, Avg: 981.1, Max: 981.1, Diff: 0.0]
      [Ext Root Scanning (ms): Min: 0.1, Avg: 0.1, Max: 0.2, Diff: 0.0, Sum: 0.5]
      [Update RS (ms): Min: 0.9, Avg: 0.9, Max: 1.0, Diff: 0.1, Sum: 3.8]
         [Processed Buffers: Min: 10, Avg: 11.0, Max: 12, Diff: 2, Sum: 44]
      [Scan RS (ms): Min: 0.0, Avg: 0.0, Max: 0.1, Diff: 0.1, Sum: 0.1]
      [Code Root Scanning (ms): Min: 0.0, Avg: 0.0, Max: 0.0, Diff: 0.0, Sum: 0.0]
      [Object Copy (ms): Min: 1.6, Avg: 1.6, Max: 1.7, Diff: 0.0, Sum: 6.6]
      [Termination (ms): Min: 0.0, Avg: 0.0, Max: 0.1, Diff: 0.1, Sum: 0.2]
         [Termination Attempts: Min: 1, Avg: 1.0, Max: 1, Diff: 0, Sum: 4]
      [GC Worker Other (ms): Min: 0.0, Avg: 0.0, Max: 0.0, Diff: 0.0, Sum: 0.0]
      [GC Worker Total (ms): Min: 2.8, Avg: 2.8, Max: 2.8, Diff: 0.0, Sum: 11.1]
      [GC Worker End (ms): Min: 983.8, Avg: 983.8, Max: 983.9, Diff: 0.0]
   [Code Root Fixup: 0.0 ms]
   [Code Root Purge: 0.0 ms]
   [Clear CT: 0.0 ms]
   [Other: 0.3 ms]
      [Choose CSet: 0.0 ms]
      [Ref Proc: 0.1 ms]
      [Ref Enq: 0.0 ms]
      [Redirty Cards: 0.1 ms]
      [Humongous Register: 0.1 ms]
      [Humongous Reclaim: 0.0 ms]
      [Free CSet: 0.0 ms]
   [Eden: 21.0M(21.0M)->0.0B(46.0M) Survivors: 4096.0K->4096.0K Heap: 367.9M(512.0M)->346.1M(512.0M)]
 [Times: user=0.01 sys=0.00, real=0.01 secs] 
2021-01-20T13:34:59.921-0800: 0.985: [GC pause (G1 Humongous Allocation) (young) (initial-mark), 0.0012117 secs]
   [Parallel Time: 0.8 ms, GC Workers: 4]
      [GC Worker Start (ms): Min: 984.8, Avg: 984.8, Max: 984.8, Diff: 0.0]
      [Ext Root Scanning (ms): Min: 0.1, Avg: 0.1, Max: 0.2, Diff: 0.0, Sum: 0.5]
      [Update RS (ms): Min: 0.1, Avg: 0.1, Max: 0.3, Diff: 0.2, Sum: 0.5]
         [Processed Buffers: Min: 1, Avg: 1.2, Max: 2, Diff: 1, Sum: 5]
      [Scan RS (ms): Min: 0.0, Avg: 0.0, Max: 0.0, Diff: 0.0, Sum: 0.0]
      [Code Root Scanning (ms): Min: 0.0, Avg: 0.0, Max: 0.0, Diff: 0.0, Sum: 0.0]
      [Object Copy (ms): Min: 0.3, Avg: 0.5, Max: 0.5, Diff: 0.2, Sum: 1.8]
      [Termination (ms): Min: 0.0, Avg: 0.0, Max: 0.1, Diff: 0.1, Sum: 0.2]
         [Termination Attempts: Min: 1, Avg: 1.0, Max: 1, Diff: 0, Sum: 4]
      [GC Worker Other (ms): Min: 0.0, Avg: 0.0, Max: 0.0, Diff: 0.0, Sum: 0.0]
      [GC Worker Total (ms): Min: 0.8, Avg: 0.8, Max: 0.8, Diff: 0.0, Sum: 3.1]
      [GC Worker End (ms): Min: 985.6, Avg: 985.6, Max: 985.6, Diff: 0.0]
   [Code Root Fixup: 0.0 ms]
   [Code Root Purge: 0.0 ms]
   [Clear CT: 0.1 ms]
   [Other: 0.3 ms]
      [Choose CSet: 0.0 ms]
      [Ref Proc: 0.1 ms]
      [Ref Enq: 0.0 ms]
      [Redirty Cards: 0.0 ms]
      [Humongous Register: 0.1 ms]
      [Humongous Reclaim: 0.0 ms]
      [Free CSet: 0.0 ms]
   [Eden: 2048.0K(46.0M)->0.0B(47.0M) Survivors: 4096.0K->5120.0K Heap: 347.9M(512.0M)->346.2M(512.0M)]
 [Times: user=0.00 sys=0.00, real=0.00 secs] 
2021-01-20T13:34:59.923-0800: 0.986: [GC concurrent-root-region-scan-start]
2021-01-20T13:34:59.923-0800: 0.986: [GC concurrent-root-region-scan-end, 0.0001004 secs]
2021-01-20T13:34:59.923-0800: 0.986: [GC concurrent-mark-start]
2021-01-20T13:34:59.925-0800: 0.988: [GC concurrent-mark-end, 0.0018732 secs]
2021-01-20T13:34:59.925-0800: 0.988: [GC remark 2021-01-20T13:34:59.925-0800: 0.988: [Finalize Marking, 0.0001017 secs] 2021-01-20T13:34:59.925-0800: 0.988: [GC ref-proc, 0.0000293 secs] 2021-01-20T13:34:59.925-0800: 0.988: [Unloading, 0.0004614 secs], 0.0017954 secs]
 [Times: user=0.00 sys=0.00, real=0.00 secs] 
2021-01-20T13:34:59.927-0800: 0.990: [GC cleanup 358M->358M(512M), 0.0004439 secs]
 [Times: user=0.01 sys=0.00, real=0.00 secs] 
2021-01-20T13:34:59.936-0800: 0.999: [GC pause (G1 Evacuation Pause) (young), 0.0047105 secs]
   [Parallel Time: 4.2 ms, GC Workers: 4]
      [GC Worker Start (ms): Min: 999.1, Avg: 999.1, Max: 999.2, Diff: 0.0]
      [Ext Root Scanning (ms): Min: 0.1, Avg: 0.5, Max: 1.5, Diff: 1.3, Sum: 2.2]
      [Update RS (ms): Min: 0.0, Avg: 0.9, Max: 1.3, Diff: 1.3, Sum: 3.5]
         [Processed Buffers: Min: 0, Avg: 13.2, Max: 25, Diff: 25, Sum: 53]
      [Scan RS (ms): Min: 0.0, Avg: 0.0, Max: 0.0, Diff: 0.0, Sum: 0.0]
      [Code Root Scanning (ms): Min: 0.0, Avg: 0.0, Max: 0.0, Diff: 0.0, Sum: 0.0]
      [Object Copy (ms): Min: 2.5, Avg: 2.6, Max: 2.6, Diff: 0.2, Sum: 10.3]
      [Termination (ms): Min: 0.0, Avg: 0.1, Max: 0.2, Diff: 0.2, Sum: 0.5]
         [Termination Attempts: Min: 1, Avg: 1.0, Max: 1, Diff: 0, Sum: 4]
      [GC Worker Other (ms): Min: 0.0, Avg: 0.0, Max: 0.0, Diff: 0.0, Sum: 0.1]
      [GC Worker Total (ms): Min: 4.1, Avg: 4.1, Max: 4.1, Diff: 0.0, Sum: 16.5]
      [GC Worker End (ms): Min: 1003.3, Avg: 1003.3, Max: 1003.3, Diff: 0.0]
   [Code Root Fixup: 0.0 ms]
   [Code Root Purge: 0.0 ms]
   [Clear CT: 0.1 ms]
   [Other: 0.4 ms]
      [Choose CSet: 0.0 ms]
      [Ref Proc: 0.2 ms]
      [Ref Enq: 0.0 ms]
      [Redirty Cards: 0.1 ms]
      [Humongous Register: 0.1 ms]
      [Humongous Reclaim: 0.0 ms]
      [Free CSet: 0.0 ms]
   [Eden: 47.0M(47.0M)->0.0B(18.0M) Survivors: 5120.0K->7168.0K Heap: 408.1M(512.0M)->362.2M(512.0M)]
 [Times: user=0.01 sys=0.00, real=0.01 secs] 
2021-01-20T13:34:59.943-0800: 1.007: [GC pause (G1 Evacuation Pause) (mixed), 0.0080018 secs]
   [Parallel Time: 7.2 ms, GC Workers: 4]
      [GC Worker Start (ms): Min: 1007.0, Avg: 1007.1, Max: 1007.1, Diff: 0.1]
      [Ext Root Scanning (ms): Min: 0.1, Avg: 0.1, Max: 0.2, Diff: 0.1, Sum: 0.5]
      [Update RS (ms): Min: 0.6, Avg: 0.6, Max: 0.7, Diff: 0.1, Sum: 2.6]
         [Processed Buffers: Min: 1, Avg: 6.8, Max: 9, Diff: 8, Sum: 27]
      [Scan RS (ms): Min: 0.0, Avg: 0.1, Max: 0.1, Diff: 0.1, Sum: 0.2]
      [Code Root Scanning (ms): Min: 0.0, Avg: 0.0, Max: 0.0, Diff: 0.0, Sum: 0.0]
      [Object Copy (ms): Min: 6.0, Avg: 6.1, Max: 6.2, Diff: 0.1, Sum: 24.4]
      [Termination (ms): Min: 0.0, Avg: 0.1, Max: 0.2, Diff: 0.2, Sum: 0.4]
         [Termination Attempts: Min: 1, Avg: 1.0, Max: 1, Diff: 0, Sum: 4]
      [GC Worker Other (ms): Min: 0.0, Avg: 0.0, Max: 0.0, Diff: 0.0, Sum: 0.1]
      [GC Worker Total (ms): Min: 7.0, Avg: 7.1, Max: 7.1, Diff: 0.1, Sum: 28.2]
      [GC Worker End (ms): Min: 1014.1, Avg: 1014.1, Max: 1014.2, Diff: 0.1]
   [Code Root Fixup: 0.0 ms]
   [Code Root Purge: 0.0 ms]
   [Clear CT: 0.1 ms]
   [Other: 0.7 ms]
      [Choose CSet: 0.0 ms]
      [Ref Proc: 0.4 ms]
      [Ref Enq: 0.0 ms]
      [Redirty Cards: 0.0 ms]
      [Humongous Register: 0.1 ms]
      [Humongous Reclaim: 0.0 ms]
      [Free CSet: 0.0 ms]
   [Eden: 18.0M(18.0M)->0.0B(21.0M) Survivors: 7168.0K->4096.0K Heap: 382.8M(512.0M)->343.5M(512.0M)]
 [Times: user=0.02 sys=0.00, real=0.01 secs] 
2021-01-20T13:34:59.956-0800: 1.020: [GC pause (G1 Evacuation Pause) (mixed), 0.0043132 secs]
   [Parallel Time: 3.9 ms, GC Workers: 4]
      [GC Worker Start (ms): Min: 1020.1, Avg: 1020.1, Max: 1020.1, Diff: 0.0]
      [Ext Root Scanning (ms): Min: 0.1, Avg: 0.1, Max: 0.1, Diff: 0.0, Sum: 0.5]
      [Update RS (ms): Min: 1.3, Avg: 1.3, Max: 1.4, Diff: 0.1, Sum: 5.4]
         [Processed Buffers: Min: 1, Avg: 13.8, Max: 22, Diff: 21, Sum: 55]
      [Scan RS (ms): Min: 0.0, Avg: 0.0, Max: 0.0, Diff: 0.0, Sum: 0.1]
      [Code Root Scanning (ms): Min: 0.0, Avg: 0.0, Max: 0.0, Diff: 0.0, Sum: 0.0]
      [Object Copy (ms): Min: 2.1, Avg: 2.2, Max: 2.3, Diff: 0.1, Sum: 8.7]
      [Termination (ms): Min: 0.0, Avg: 0.1, Max: 0.1, Diff: 0.1, Sum: 0.4]
         [Termination Attempts: Min: 1, Avg: 1.0, Max: 1, Diff: 0, Sum: 4]
      [GC Worker Other (ms): Min: 0.0, Avg: 0.0, Max: 0.0, Diff: 0.0, Sum: 0.0]
      [GC Worker Total (ms): Min: 3.7, Avg: 3.8, Max: 3.8, Diff: 0.1, Sum: 15.1]
      [GC Worker End (ms): Min: 1023.8, Avg: 1023.9, Max: 1023.9, Diff: 0.1]
   [Code Root Fixup: 0.0 ms]
   [Code Root Purge: 0.0 ms]
   [Clear CT: 0.1 ms]
   [Other: 0.4 ms]
      [Choose CSet: 0.0 ms]
      [Ref Proc: 0.1 ms]
      [Ref Enq: 0.0 ms]
      [Redirty Cards: 0.0 ms]
      [Humongous Register: 0.1 ms]
      [Humongous Reclaim: 0.1 ms]
      [Free CSet: 0.0 ms]
   [Eden: 21.0M(21.0M)->0.0B(44.0M) Survivors: 4096.0K->4096.0K Heap: 371.2M(512.0M)->349.7M(512.0M)]
 [Times: user=0.01 sys=0.00, real=0.01 secs] 
2021-01-20T13:34:59.961-0800: 1.025: [GC pause (G1 Humongous Allocation) (young) (initial-mark), 0.0012763 secs]
   [Parallel Time: 0.9 ms, GC Workers: 4]
      [GC Worker Start (ms): Min: 1025.0, Avg: 1025.1, Max: 1025.2, Diff: 0.2]
      [Ext Root Scanning (ms): Min: 0.0, Avg: 0.1, Max: 0.2, Diff: 0.2, Sum: 0.5]
      [Update RS (ms): Min: 0.1, Avg: 0.1, Max: 0.2, Diff: 0.1, Sum: 0.4]
         [Processed Buffers: Min: 1, Avg: 1.2, Max: 2, Diff: 1, Sum: 5]
      [Scan RS (ms): Min: 0.0, Avg: 0.0, Max: 0.0, Diff: 0.0, Sum: 0.0]
      [Code Root Scanning (ms): Min: 0.0, Avg: 0.0, Max: 0.0, Diff: 0.0, Sum: 0.0]
      [Object Copy (ms): Min: 0.4, Avg: 0.5, Max: 0.6, Diff: 0.3, Sum: 1.9]
      [Termination (ms): Min: 0.0, Avg: 0.1, Max: 0.2, Diff: 0.2, Sum: 0.5]
         [Termination Attempts: Min: 1, Avg: 1.0, Max: 1, Diff: 0, Sum: 4]
      [GC Worker Other (ms): Min: 0.0, Avg: 0.0, Max: 0.0, Diff: 0.0, Sum: 0.0]
      [GC Worker Total (ms): Min: 0.7, Avg: 0.8, Max: 0.9, Diff: 0.2, Sum: 3.3]
      [GC Worker End (ms): Min: 1025.9, Avg: 1025.9, Max: 1025.9, Diff: 0.0]
   [Code Root Fixup: 0.0 ms]
   [Code Root Purge: 0.0 ms]
   [Clear CT: 0.0 ms]
   [Other: 0.3 ms]
      [Choose CSet: 0.0 ms]
      [Ref Proc: 0.1 ms]
      [Ref Enq: 0.0 ms]
      [Redirty Cards: 0.0 ms]
      [Humongous Register: 0.1 ms]
      [Humongous Reclaim: 0.0 ms]
      [Free CSet: 0.0 ms]
   [Eden: 1024.0K(44.0M)->0.0B(37.0M) Survivors: 4096.0K->1024.0K Heap: 350.7M(512.0M)->350.8M(512.0M)]
 [Times: user=0.00 sys=0.00, real=0.00 secs] 
2021-01-20T13:34:59.963-0800: 1.026: [GC concurrent-root-region-scan-start]
2021-01-20T13:34:59.963-0800: 1.026: [GC concurrent-root-region-scan-end, 0.0001084 secs]
2021-01-20T13:34:59.963-0800: 1.026: [GC concurrent-mark-start]
2021-01-20T13:34:59.965-0800: 1.028: [GC concurrent-mark-end, 0.0018114 secs]
2021-01-20T13:34:59.965-0800: 1.028: [GC remark 2021-01-20T13:34:59.965-0800: 1.028: [Finalize Marking, 0.0000952 secs] 2021-01-20T13:34:59.965-0800: 1.028: [GC ref-proc, 0.0000256 secs] 2021-01-20T13:34:59.965-0800: 1.028: [Unloading, 0.0004696 secs], 0.0017977 secs]
 [Times: user=0.00 sys=0.01, real=0.00 secs] 
2021-01-20T13:34:59.967-0800: 1.030: [GC cleanup 361M->361M(512M), 0.0004760 secs]
 [Times: user=0.00 sys=0.00, real=0.00 secs] 
2021-01-20T13:34:59.974-0800: 1.037: [GC pause (G1 Evacuation Pause) (young), 0.0033148 secs]
   [Parallel Time: 2.8 ms, GC Workers: 4]
      [GC Worker Start (ms): Min: 1037.1, Avg: 1037.1, Max: 1037.1, Diff: 0.0]
      [Ext Root Scanning (ms): Min: 0.1, Avg: 0.1, Max: 0.2, Diff: 0.0, Sum: 0.5]
      [Update RS (ms): Min: 1.0, Avg: 1.0, Max: 1.0, Diff: 0.0, Sum: 3.9]
         [Processed Buffers: Min: 12, Avg: 13.8, Max: 15, Diff: 3, Sum: 55]
      [Scan RS (ms): Min: 0.0, Avg: 0.0, Max: 0.0, Diff: 0.0, Sum: 0.0]
      [Code Root Scanning (ms): Min: 0.0, Avg: 0.0, Max: 0.0, Diff: 0.0, Sum: 0.0]
      [Object Copy (ms): Min: 1.6, Avg: 1.6, Max: 1.6, Diff: 0.1, Sum: 6.3]
      [Termination (ms): Min: 0.0, Avg: 0.0, Max: 0.1, Diff: 0.1, Sum: 0.1]
         [Termination Attempts: Min: 1, Avg: 1.0, Max: 1, Diff: 0, Sum: 4]
      [GC Worker Other (ms): Min: 0.0, Avg: 0.0, Max: 0.1, Diff: 0.0, Sum: 0.2]
      [GC Worker Total (ms): Min: 2.7, Avg: 2.8, Max: 2.8, Diff: 0.1, Sum: 11.1]
      [GC Worker End (ms): Min: 1039.9, Avg: 1039.9, Max: 1039.9, Diff: 0.0]
   [Code Root Fixup: 0.0 ms]
   [Code Root Purge: 0.0 ms]
   [Clear CT: 0.1 ms]
   [Other: 0.4 ms]
      [Choose CSet: 0.0 ms]
      [Ref Proc: 0.1 ms]
      [Ref Enq: 0.0 ms]
      [Redirty Cards: 0.0 ms]
      [Humongous Register: 0.1 ms]
      [Humongous Reclaim: 0.0 ms]
      [Free CSet: 0.0 ms]
   [Eden: 37.0M(37.0M)->0.0B(20.0M) Survivors: 1024.0K->5120.0K Heap: 394.0M(512.0M)->362.3M(512.0M)]
 [Times: user=0.01 sys=0.00, real=0.00 secs] 
2021-01-20T13:34:59.981-0800: 1.044: [GC pause (G1 Evacuation Pause) (mixed), 0.0070656 secs]
   [Parallel Time: 6.6 ms, GC Workers: 4]
      [GC Worker Start (ms): Min: 1044.4, Avg: 1044.4, Max: 1044.4, Diff: 0.0]
      [Ext Root Scanning (ms): Min: 0.1, Avg: 0.1, Max: 0.2, Diff: 0.0, Sum: 0.5]
      [Update RS (ms): Min: 0.7, Avg: 0.7, Max: 0.7, Diff: 0.0, Sum: 2.8]
         [Processed Buffers: Min: 9, Avg: 9.5, Max: 10, Diff: 1, Sum: 38]
      [Scan RS (ms): Min: 0.0, Avg: 0.1, Max: 0.1, Diff: 0.0, Sum: 0.2]
      [Code Root Scanning (ms): Min: 0.0, Avg: 0.0, Max: 0.0, Diff: 0.0, Sum: 0.0]
      [Object Copy (ms): Min: 5.6, Avg: 5.6, Max: 5.6, Diff: 0.0, Sum: 22.4]
      [Termination (ms): Min: 0.0, Avg: 0.0, Max: 0.0, Diff: 0.0, Sum: 0.1]
         [Termination Attempts: Min: 1, Avg: 1.0, Max: 1, Diff: 0, Sum: 4]
      [GC Worker Other (ms): Min: 0.0, Avg: 0.0, Max: 0.0, Diff: 0.0, Sum: 0.0]
      [GC Worker Total (ms): Min: 6.5, Avg: 6.5, Max: 6.5, Diff: 0.0, Sum: 26.1]
      [GC Worker End (ms): Min: 1050.9, Avg: 1050.9, Max: 1050.9, Diff: 0.0]
   [Code Root Fixup: 0.0 ms]
   [Code Root Purge: 0.0 ms]
   [Clear CT: 0.0 ms]
   [Other: 0.4 ms]
      [Choose CSet: 0.0 ms]
      [Ref Proc: 0.1 ms]
      [Ref Enq: 0.0 ms]
      [Redirty Cards: 0.1 ms]
      [Humongous Register: 0.1 ms]
      [Humongous Reclaim: 0.0 ms]
      [Free CSet: 0.1 ms]
   [Eden: 20.0M(20.0M)->0.0B(21.0M) Survivors: 5120.0K->4096.0K Heap: 386.3M(512.0M)->351.4M(512.0M)]
 [Times: user=0.03 sys=0.00, real=0.00 secs] 
2021-01-20T13:34:59.992-0800: 1.056: [GC pause (G1 Evacuation Pause) (mixed), 0.0032460 secs]
   [Parallel Time: 2.7 ms, GC Workers: 4]
      [GC Worker Start (ms): Min: 1056.0, Avg: 1056.0, Max: 1056.0, Diff: 0.0]
      [Ext Root Scanning (ms): Min: 0.1, Avg: 0.1, Max: 0.2, Diff: 0.0, Sum: 0.5]
      [Update RS (ms): Min: 0.8, Avg: 0.8, Max: 0.8, Diff: 0.1, Sum: 3.1]
         [Processed Buffers: Min: 3, Avg: 8.8, Max: 12, Diff: 9, Sum: 35]
      [Scan RS (ms): Min: 0.0, Avg: 0.0, Max: 0.0, Diff: 0.0, Sum: 0.0]
      [Code Root Scanning (ms): Min: 0.0, Avg: 0.0, Max: 0.0, Diff: 0.0, Sum: 0.0]
      [Object Copy (ms): Min: 1.5, Avg: 1.6, Max: 1.7, Diff: 0.2, Sum: 6.5]
      [Termination (ms): Min: 0.0, Avg: 0.1, Max: 0.2, Diff: 0.2, Sum: 0.4]
         [Termination Attempts: Min: 1, Avg: 1.0, Max: 1, Diff: 0, Sum: 4]
      [GC Worker Other (ms): Min: 0.0, Avg: 0.0, Max: 0.0, Diff: 0.0, Sum: 0.1]
      [GC Worker Total (ms): Min: 2.6, Avg: 2.6, Max: 2.7, Diff: 0.0, Sum: 10.6]
      [GC Worker End (ms): Min: 1058.6, Avg: 1058.6, Max: 1058.7, Diff: 0.0]
   [Code Root Fixup: 0.0 ms]
   [Code Root Purge: 0.0 ms]
   [Clear CT: 0.1 ms]
   [Other: 0.4 ms]
      [Choose CSet: 0.0 ms]
      [Ref Proc: 0.2 ms]
      [Ref Enq: 0.0 ms]
      [Redirty Cards: 0.0 ms]
      [Humongous Register: 0.1 ms]
      [Humongous Reclaim: 0.0 ms]
      [Free CSet: 0.0 ms]
   [Eden: 21.0M(21.0M)->0.0B(33.0M) Survivors: 4096.0K->4096.0K Heap: 376.1M(512.0M)->359.7M(512.0M)]
 [Times: user=0.01 sys=0.00, real=0.00 secs] 
2021-01-20T13:34:59.996-0800: 1.060: [GC pause (G1 Humongous Allocation) (young) (initial-mark), 0.0012471 secs]
   [Parallel Time: 0.9 ms, GC Workers: 4]
      [GC Worker Start (ms): Min: 1059.7, Avg: 1059.8, Max: 1059.8, Diff: 0.0]
      [Ext Root Scanning (ms): Min: 0.1, Avg: 0.1, Max: 0.2, Diff: 0.0, Sum: 0.5]
      [Update RS (ms): Min: 0.1, Avg: 0.1, Max: 0.2, Diff: 0.1, Sum: 0.4]
         [Processed Buffers: Min: 1, Avg: 1.2, Max: 2, Diff: 1, Sum: 5]
      [Scan RS (ms): Min: 0.0, Avg: 0.0, Max: 0.0, Diff: 0.0, Sum: 0.0]
      [Code Root Scanning (ms): Min: 0.0, Avg: 0.0, Max: 0.0, Diff: 0.0, Sum: 0.0]
      [Object Copy (ms): Min: 0.4, Avg: 0.5, Max: 0.6, Diff: 0.2, Sum: 2.2]
      [Termination (ms): Min: 0.0, Avg: 0.1, Max: 0.1, Diff: 0.1, Sum: 0.3]
         [Termination Attempts: Min: 1, Avg: 1.0, Max: 1, Diff: 0, Sum: 4]
      [GC Worker Other (ms): Min: 0.0, Avg: 0.0, Max: 0.0, Diff: 0.0, Sum: 0.0]
      [GC Worker Total (ms): Min: 0.8, Avg: 0.9, Max: 0.9, Diff: 0.0, Sum: 3.4]
      [GC Worker End (ms): Min: 1060.6, Avg: 1060.6, Max: 1060.6, Diff: 0.0]
   [Code Root Fixup: 0.0 ms]
   [Code Root Purge: 0.0 ms]
   [Clear CT: 0.0 ms]
   [Other: 0.3 ms]
      [Choose CSet: 0.0 ms]
      [Ref Proc: 0.1 ms]
      [Ref Enq: 0.0 ms]
      [Redirty Cards: 0.1 ms]
      [Humongous Register: 0.1 ms]
      [Humongous Reclaim: 0.0 ms]
      [Free CSet: 0.0 ms]
   [Eden: 3072.0K(33.0M)->0.0B(34.0M) Survivors: 4096.0K->1024.0K Heap: 361.9M(512.0M)->360.2M(512.0M)]
 [Times: user=0.01 sys=0.00, real=0.00 secs] 
2021-01-20T13:34:59.998-0800: 1.061: [GC concurrent-root-region-scan-start]
2021-01-20T13:34:59.998-0800: 1.061: [GC concurrent-root-region-scan-end, 0.0000998 secs]
2021-01-20T13:34:59.998-0800: 1.061: [GC concurrent-mark-start]
2021-01-20T13:35:00.000-0800: 1.063: [GC concurrent-mark-end, 0.0019572 secs]
2021-01-20T13:35:00.000-0800: 1.063: [GC remark 2021-01-20T13:35:00.000-0800: 1.063: [Finalize Marking, 0.0001670 secs] 2021-01-20T13:35:00.000-0800: 1.063: [GC ref-proc, 0.0000269 secs] 2021-01-20T13:35:00.000-0800: 1.063: [Unloading, 0.0006426 secs], 0.0023043 secs]
 [Times: user=0.01 sys=0.00, real=0.00 secs] 
2021-01-20T13:35:00.002-0800: 1.066: [GC cleanup 373M->373M(512M), 0.0005583 secs]
 [Times: user=0.00 sys=0.00, real=0.00 secs] 
2021-01-20T13:35:00.008-0800: 1.072: [GC pause (G1 Evacuation Pause) (young), 0.0028196 secs]
   [Parallel Time: 2.3 ms, GC Workers: 4]
      [GC Worker Start (ms): Min: 1071.8, Avg: 1071.8, Max: 1071.8, Diff: 0.0]
      [Ext Root Scanning (ms): Min: 0.1, Avg: 0.1, Max: 0.1, Diff: 0.0, Sum: 0.5]
      [Update RS (ms): Min: 0.8, Avg: 0.9, Max: 0.9, Diff: 0.1, Sum: 3.4]
         [Processed Buffers: Min: 8, Avg: 11.0, Max: 12, Diff: 4, Sum: 44]
      [Scan RS (ms): Min: 0.0, Avg: 0.0, Max: 0.0, Diff: 0.0, Sum: 0.0]
      [Code Root Scanning (ms): Min: 0.0, Avg: 0.0, Max: 0.0, Diff: 0.0, Sum: 0.0]
      [Object Copy (ms): Min: 1.2, Avg: 1.2, Max: 1.3, Diff: 0.1, Sum: 5.0]
      [Termination (ms): Min: 0.0, Avg: 0.0, Max: 0.1, Diff: 0.1, Sum: 0.2]
         [Termination Attempts: Min: 1, Avg: 1.0, Max: 1, Diff: 0, Sum: 4]
      [GC Worker Other (ms): Min: 0.0, Avg: 0.0, Max: 0.0, Diff: 0.0, Sum: 0.0]
      [GC Worker Total (ms): Min: 2.3, Avg: 2.3, Max: 2.3, Diff: 0.0, Sum: 9.2]
      [GC Worker End (ms): Min: 1074.1, Avg: 1074.1, Max: 1074.1, Diff: 0.0]
   [Code Root Fixup: 0.0 ms]
   [Code Root Purge: 0.0 ms]
   [Clear CT: 0.1 ms]
   [Other: 0.4 ms]
      [Choose CSet: 0.0 ms]
      [Ref Proc: 0.2 ms]
      [Ref Enq: 0.0 ms]
      [Redirty Cards: 0.0 ms]
      [Humongous Register: 0.1 ms]
      [Humongous Reclaim: 0.0 ms]
      [Free CSet: 0.0 ms]
   [Eden: 34.0M(34.0M)->0.0B(20.0M) Survivors: 1024.0K->5120.0K Heap: 402.0M(512.0M)->373.4M(512.0M)]
 [Times: user=0.01 sys=0.00, real=0.01 secs] 
2021-01-20T13:35:00.016-0800: 1.080: [GC pause (G1 Evacuation Pause) (mixed), 0.0072558 secs]
   [Parallel Time: 6.8 ms, GC Workers: 4]
      [GC Worker Start (ms): Min: 1079.9, Avg: 1080.0, Max: 1080.3, Diff: 0.4]
      [Ext Root Scanning (ms): Min: 0.0, Avg: 0.1, Max: 0.1, Diff: 0.1, Sum: 0.4]
      [Update RS (ms): Min: 0.9, Avg: 1.0, Max: 1.1, Diff: 0.2, Sum: 4.1]
         [Processed Buffers: Min: 11, Avg: 13.8, Max: 16, Diff: 5, Sum: 55]
      [Scan RS (ms): Min: 0.0, Avg: 0.0, Max: 0.1, Diff: 0.0, Sum: 0.2]
      [Code Root Scanning (ms): Min: 0.0, Avg: 0.0, Max: 0.0, Diff: 0.0, Sum: 0.0]
      [Object Copy (ms): Min: 5.3, Avg: 5.4, Max: 5.4, Diff: 0.1, Sum: 21.5]
      [Termination (ms): Min: 0.0, Avg: 0.1, Max: 0.1, Diff: 0.1, Sum: 0.2]
         [Termination Attempts: Min: 1, Avg: 1.0, Max: 1, Diff: 0, Sum: 4]
      [GC Worker Other (ms): Min: 0.0, Avg: 0.0, Max: 0.0, Diff: 0.0, Sum: 0.0]
      [GC Worker Total (ms): Min: 6.4, Avg: 6.6, Max: 6.7, Diff: 0.3, Sum: 26.5]
      [GC Worker End (ms): Min: 1086.6, Avg: 1086.6, Max: 1086.6, Diff: 0.0]
   [Code Root Fixup: 0.0 ms]
   [Code Root Purge: 0.0 ms]
   [Clear CT: 0.0 ms]
   [Other: 0.4 ms]
      [Choose CSet: 0.0 ms]
      [Ref Proc: 0.1 ms]
      [Ref Enq: 0.0 ms]
      [Redirty Cards: 0.1 ms]
      [Humongous Register: 0.1 ms]
      [Humongous Reclaim: 0.0 ms]
      [Free CSet: 0.1 ms]
   [Eden: 20.0M(20.0M)->0.0B(21.0M) Survivors: 5120.0K->4096.0K Heap: 403.0M(512.0M)->358.7M(512.0M)]
 [Times: user=0.02 sys=0.00, real=0.01 secs] 
2021-01-20T13:35:00.029-0800: 1.092: [GC pause (G1 Evacuation Pause) (mixed), 0.0034133 secs]
   [Parallel Time: 3.0 ms, GC Workers: 4]
      [GC Worker Start (ms): Min: 1092.2, Avg: 1092.2, Max: 1092.2, Diff: 0.0]
      [Ext Root Scanning (ms): Min: 0.1, Avg: 0.1, Max: 0.1, Diff: 0.0, Sum: 0.5]
      [Update RS (ms): Min: 1.1, Avg: 1.1, Max: 1.1, Diff: 0.0, Sum: 4.4]
         [Processed Buffers: Min: 14, Avg: 14.8, Max: 15, Diff: 1, Sum: 59]
      [Scan RS (ms): Min: 0.0, Avg: 0.0, Max: 0.0, Diff: 0.0, Sum: 0.0]
      [Code Root Scanning (ms): Min: 0.0, Avg: 0.0, Max: 0.0, Diff: 0.0, Sum: 0.0]
      [Object Copy (ms): Min: 1.7, Avg: 1.7, Max: 1.7, Diff: 0.1, Sum: 6.8]
      [Termination (ms): Min: 0.0, Avg: 0.1, Max: 0.1, Diff: 0.1, Sum: 0.2]
         [Termination Attempts: Min: 1, Avg: 1.0, Max: 1, Diff: 0, Sum: 4]
      [GC Worker Other (ms): Min: 0.0, Avg: 0.0, Max: 0.0, Diff: 0.0, Sum: 0.0]
      [GC Worker Total (ms): Min: 3.0, Avg: 3.0, Max: 3.0, Diff: 0.0, Sum: 11.9]
      [GC Worker End (ms): Min: 1095.1, Avg: 1095.2, Max: 1095.2, Diff: 0.0]
   [Code Root Fixup: 0.0 ms]
   [Code Root Purge: 0.0 ms]
   [Clear CT: 0.0 ms]
   [Other: 0.3 ms]
      [Choose CSet: 0.0 ms]
      [Ref Proc: 0.1 ms]
      [Ref Enq: 0.0 ms]
      [Redirty Cards: 0.0 ms]
      [Humongous Register: 0.1 ms]
      [Humongous Reclaim: 0.0 ms]
      [Free CSet: 0.0 ms]
   [Eden: 21.0M(21.0M)->0.0B(28.0M) Survivors: 4096.0K->4096.0K Heap: 386.4M(512.0M)->366.8M(512.0M)]
 [Times: user=0.01 sys=0.00, real=0.01 secs] 
2021-01-20T13:35:00.032-0800: 1.096: [GC pause (G1 Humongous Allocation) (young) (initial-mark), 0.0012768 secs]
   [Parallel Time: 0.9 ms, GC Workers: 4]
      [GC Worker Start (ms): Min: 1095.8, Avg: 1095.8, Max: 1095.9, Diff: 0.0]
      [Ext Root Scanning (ms): Min: 0.2, Avg: 0.3, Max: 0.4, Diff: 0.2, Sum: 1.1]
      [Update RS (ms): Min: 0.0, Avg: 0.2, Max: 0.6, Diff: 0.6, Sum: 0.9]
         [Processed Buffers: Min: 0, Avg: 1.2, Max: 2, Diff: 2, Sum: 5]
      [Scan RS (ms): Min: 0.0, Avg: 0.0, Max: 0.0, Diff: 0.0, Sum: 0.0]
      [Code Root Scanning (ms): Min: 0.0, Avg: 0.0, Max: 0.0, Diff: 0.0, Sum: 0.0]
      [Object Copy (ms): Min: 0.0, Avg: 0.3, Max: 0.5, Diff: 0.4, Sum: 1.3]
      [Termination (ms): Min: 0.0, Avg: 0.0, Max: 0.1, Diff: 0.1, Sum: 0.1]
         [Termination Attempts: Min: 1, Avg: 1.0, Max: 1, Diff: 0, Sum: 4]
      [GC Worker Other (ms): Min: 0.0, Avg: 0.0, Max: 0.0, Diff: 0.0, Sum: 0.1]
      [GC Worker Total (ms): Min: 0.8, Avg: 0.9, Max: 0.9, Diff: 0.0, Sum: 3.4]
      [GC Worker End (ms): Min: 1096.7, Avg: 1096.7, Max: 1096.7, Diff: 0.0]
   [Code Root Fixup: 0.0 ms]
   [Code Root Purge: 0.0 ms]
   [Clear CT: 0.0 ms]
   [Other: 0.3 ms]
      [Choose CSet: 0.0 ms]
      [Ref Proc: 0.1 ms]
      [Ref Enq: 0.0 ms]
      [Redirty Cards: 0.0 ms]
      [Humongous Register: 0.1 ms]
      [Humongous Reclaim: 0.0 ms]
      [Free CSet: 0.0 ms]
   [Eden: 1024.0K(28.0M)->0.0B(30.0M) Survivors: 4096.0K->0.0B Heap: 367.6M(512.0M)->366.7M(512.0M)]
 [Times: user=0.00 sys=0.00, real=0.00 secs] 
2021-01-20T13:35:00.034-0800: 1.097: [GC concurrent-root-region-scan-start]
2021-01-20T13:35:00.034-0800: 1.097: [GC concurrent-root-region-scan-end, 0.0000123 secs]
2021-01-20T13:35:00.034-0800: 1.097: [GC concurrent-mark-start]
2021-01-20T13:35:00.036-0800: 1.099: [GC concurrent-mark-end, 0.0021248 secs]
2021-01-20T13:35:00.036-0800: 1.099: [GC remark 2021-01-20T13:35:00.036-0800: 1.099: [Finalize Marking, 0.0000895 secs] 2021-01-20T13:35:00.036-0800: 1.100: [GC ref-proc, 0.0000291 secs] 2021-01-20T13:35:00.036-0800: 1.100: [Unloading, 0.0004918 secs], 0.0019308 secs]
 [Times: user=0.00 sys=0.00, real=0.00 secs] 
2021-01-20T13:35:00.038-0800: 1.101: [GC cleanup 379M->379M(512M), 0.0004332 secs]
 [Times: user=0.01 sys=0.00, real=0.00 secs] 
2021-01-20T13:35:00.043-0800: 1.107: [GC pause (G1 Evacuation Pause) (young), 0.0037958 secs]
   [Parallel Time: 3.3 ms, GC Workers: 4]
      [GC Worker Start (ms): Min: 1107.1, Avg: 1107.3, Max: 1107.7, Diff: 0.6]
      [Ext Root Scanning (ms): Min: 0.0, Avg: 0.2, Max: 0.5, Diff: 0.5, Sum: 1.0]
      [Update RS (ms): Min: 1.2, Avg: 1.4, Max: 1.6, Diff: 0.4, Sum: 5.6]
         [Processed Buffers: Min: 16, Avg: 18.0, Max: 21, Diff: 5, Sum: 72]
      [Scan RS (ms): Min: 0.0, Avg: 0.0, Max: 0.0, Diff: 0.0, Sum: 0.0]
      [Code Root Scanning (ms): Min: 0.0, Avg: 0.0, Max: 0.0, Diff: 0.0, Sum: 0.0]
      [Object Copy (ms): Min: 1.3, Avg: 1.4, Max: 1.4, Diff: 0.1, Sum: 5.4]
      [Termination (ms): Min: 0.0, Avg: 0.1, Max: 0.1, Diff: 0.1, Sum: 0.2]
         [Termination Attempts: Min: 1, Avg: 1.0, Max: 1, Diff: 0, Sum: 4]
      [GC Worker Other (ms): Min: 0.0, Avg: 0.0, Max: 0.0, Diff: 0.0, Sum: 0.0]
      [GC Worker Total (ms): Min: 2.6, Avg: 3.1, Max: 3.2, Diff: 0.6, Sum: 12.3]
      [GC Worker End (ms): Min: 1110.3, Avg: 1110.3, Max: 1110.3, Diff: 0.0]
   [Code Root Fixup: 0.0 ms]
   [Code Root Purge: 0.0 ms]
   [Clear CT: 0.1 ms]
   [Other: 0.4 ms]
      [Choose CSet: 0.0 ms]
      [Ref Proc: 0.2 ms]
      [Ref Enq: 0.0 ms]
      [Redirty Cards: 0.0 ms]
      [Humongous Register: 0.1 ms]
      [Humongous Reclaim: 0.0 ms]
      [Free CSet: 0.0 ms]
   [Eden: 30.0M(30.0M)->0.0B(21.0M) Survivors: 0.0B->4096.0K Heap: 406.7M(512.0M)->377.2M(512.0M)]
 [Times: user=0.01 sys=0.00, real=0.00 secs] 
Heap
 garbage-first heap   total 524288K, used 386226K [0x00000007a0000000, 0x00000007a0101000, 0x00000007c0000000)
  region size 1024K, 5 young (5120K), 4 survivors (4096K)
 Metaspace       used 2695K, capacity 4486K, committed 4864K, reserved 1056768K
  class space    used 295K, capacity 386K, committed 512K, reserved 1048576K
