Java HotSpot(TM) 64-Bit Server VM (25.131-b11) for bsd-amd64 JRE (1.8.0_131-b11), built on Mar 15 2017 01:32:22 by "java_re" with gcc 4.2.1 (Based on Apple Inc. build 5658) (LLVM build 2336.11.00)
Memory: 4k page, physical 8388608k(418356k free)

/proc/meminfo:

CommandLine flags: -XX:InitialHeapSize=536870912 -XX:MaxHeapSize=536870912 -XX:+PrintGC -XX:+PrintGCDateStamps -XX:+PrintGCDetails -XX:+PrintGCTimeStamps -XX:+UseCompressedClassPointers -XX:+UseCompressedOops -XX:+UseSerialGC 
2021-01-19T19:15:23.622-0800: 0.170: [GC (Allocation Failure) 2021-01-19T19:15:23.622-0800: 0.171: [DefNew: 139554K->17472K(157248K), 0.0294272 secs] 139554K->46878K(506816K), 0.0295482 secs] [Times: user=0.02 sys=0.01, real=0.03 secs] 
2021-01-19T19:15:23.675-0800: 0.223: [GC (Allocation Failure) 2021-01-19T19:15:23.675-0800: 0.223: [DefNew: 157248K->17471K(157248K), 0.0387076 secs] 186654K->94351K(506816K), 0.0388046 secs] [Times: user=0.02 sys=0.02, real=0.04 secs] 
2021-01-19T19:15:23.734-0800: 0.283: [GC (Allocation Failure) 2021-01-19T19:15:23.734-0800: 0.283: [DefNew: 157247K->17471K(157248K), 0.0266640 secs] 234127K->135880K(506816K), 0.0267513 secs] [Times: user=0.02 sys=0.01, real=0.03 secs] 
2021-01-19T19:15:23.781-0800: 0.329: [GC (Allocation Failure) 2021-01-19T19:15:23.781-0800: 0.329: [DefNew: 156988K->17471K(157248K), 0.0261855 secs] 275397K->176809K(506816K), 0.0262716 secs] [Times: user=0.01 sys=0.01, real=0.02 secs] 
2021-01-19T19:15:23.828-0800: 0.376: [GC (Allocation Failure) 2021-01-19T19:15:23.828-0800: 0.376: [DefNew: 157247K->17471K(157248K), 0.0265502 secs] 316585K->217946K(506816K), 0.0266362 secs] [Times: user=0.02 sys=0.01, real=0.03 secs] 
2021-01-19T19:15:23.875-0800: 0.423: [GC (Allocation Failure) 2021-01-19T19:15:23.875-0800: 0.423: [DefNew: 157247K->17471K(157248K), 0.0264799 secs] 357722K->259703K(506816K), 0.0265633 secs] [Times: user=0.01 sys=0.01, real=0.03 secs] 
2021-01-19T19:15:23.923-0800: 0.471: [GC (Allocation Failure) 2021-01-19T19:15:23.923-0800: 0.471: [DefNew: 157247K->17471K(157248K), 0.0333678 secs] 399479K->302843K(506816K), 0.0334578 secs] [Times: user=0.01 sys=0.02, real=0.03 secs] 
2021-01-19T19:15:23.977-0800: 0.525: [GC (Allocation Failure) 2021-01-19T19:15:23.977-0800: 0.525: [DefNew: 157247K->17471K(157248K), 0.0301147 secs] 442619K->345265K(506816K), 0.0302077 secs] [Times: user=0.02 sys=0.01, real=0.03 secs] 
2021-01-19T19:15:24.028-0800: 0.576: [GC (Allocation Failure) 2021-01-19T19:15:24.028-0800: 0.576: [DefNew: 157247K->157247K(157248K), 0.0000208 secs]2021-01-19T19:15:24.028-0800: 0.576: [Tenured: 327793K->281122K(349568K), 0.0576218 secs] 485041K->281122K(506816K), [Metaspace: 2688K->2688K(1056768K)], 0.0577598 secs] [Times: user=0.06 sys=0.00, real=0.06 secs] 
2021-01-19T19:15:24.107-0800: 0.655: [GC (Allocation Failure) 2021-01-19T19:15:24.107-0800: 0.655: [DefNew: 139170K->17471K(157248K), 0.0060158 secs] 420293K->318811K(506816K), 0.0060976 secs] [Times: user=0.01 sys=0.00, real=0.01 secs] 
2021-01-19T19:15:24.133-0800: 0.682: [GC (Allocation Failure) 2021-01-19T19:15:24.134-0800: 0.682: [DefNew (promotion failed) : 157030K->157029K(157248K), 0.0208097 secs]2021-01-19T19:15:24.154-0800: 0.703: [Tenured: 349463K->306148K(349568K), 0.0450975 secs] 458371K->306148K(506816K), [Metaspace: 2688K->2688K(1056768K)], 0.0660459 secs] [Times: user=0.06 sys=0.01, real=0.07 secs] 
2021-01-19T19:15:24.220-0800: 0.768: [GC (Allocation Failure) 2021-01-19T19:15:24.220-0800: 0.768: [DefNew: 139776K->139776K(157248K), 0.0000200 secs]2021-01-19T19:15:24.220-0800: 0.768: [Tenured: 306148K->318884K(349568K), 0.0440189 secs] 445924K->318884K(506816K), [Metaspace: 2689K->2689K(1056768K)], 0.0441390 secs] [Times: user=0.04 sys=0.00, real=0.04 secs] 
2021-01-19T19:15:24.284-0800: 0.832: [GC (Allocation Failure) 2021-01-19T19:15:24.284-0800: 0.832: [DefNew: 139776K->139776K(157248K), 0.0000186 secs]2021-01-19T19:15:24.284-0800: 0.832: [Tenured: 318884K->310666K(349568K), 0.0476296 secs] 458660K->310666K(506816K), [Metaspace: 2689K->2689K(1056768K)], 0.0477481 secs] [Times: user=0.05 sys=0.00, real=0.05 secs] 
2021-01-19T19:15:24.352-0800: 0.900: [GC (Allocation Failure) 2021-01-19T19:15:24.352-0800: 0.900: [DefNew: 139776K->139776K(157248K), 0.0000167 secs]2021-01-19T19:15:24.352-0800: 0.900: [Tenured: 310666K->338032K(349568K), 0.0295792 secs] 450442K->338032K(506816K), [Metaspace: 2689K->2689K(1056768K)], 0.0296775 secs] [Times: user=0.03 sys=0.00, real=0.03 secs] 
2021-01-19T19:15:24.401-0800: 0.950: [GC (Allocation Failure) 2021-01-19T19:15:24.402-0800: 0.950: [DefNew: 139776K->139776K(157248K), 0.0000160 secs]2021-01-19T19:15:24.402-0800: 0.950: [Tenured: 338032K->348908K(349568K), 0.0410307 secs] 477808K->351329K(506816K), [Metaspace: 2689K->2689K(1056768K)], 0.0411321 secs] [Times: user=0.04 sys=0.00, real=0.04 secs] 
2021-01-19T19:15:24.466-0800: 1.015: [Full GC (Allocation Failure) 2021-01-19T19:15:24.466-0800: 1.015: [Tenured: 349564K->349555K(349568K), 0.0541392 secs] 506812K->359480K(506816K), [Metaspace: 2689K->2689K(1056768K)], 0.0542220 secs] [Times: user=0.06 sys=0.00, real=0.06 secs] 
Heap
 def new generation   total 157248K, used 47225K [0x00000007a0000000, 0x00000007aaaa0000, 0x00000007aaaa0000)
  eden space 139776K,  33% used [0x00000007a0000000, 0x00000007a2e1e6d8, 0x00000007a8880000)
  from space 17472K,   0% used [0x00000007a8880000, 0x00000007a8880000, 0x00000007a9990000)
  to   space 17472K,   0% used [0x00000007a9990000, 0x00000007a9990000, 0x00000007aaaa0000)
 tenured generation   total 349568K, used 349555K [0x00000007aaaa0000, 0x00000007c0000000, 0x00000007c0000000)
   the space 349568K,  99% used [0x00000007aaaa0000, 0x00000007bfffce08, 0x00000007bfffd000, 0x00000007c0000000)
 Metaspace       used 2695K, capacity 4486K, committed 4864K, reserved 1056768K
  class space    used 295K, capacity 386K, committed 512K, reserved 1048576K
